Component: Arm Compiler for Embedded 6.24 Tool: armlink [5f371500]

==============================================================================

Section Cross References

    main.o(.text) refers (Special) to _printf_percent.o(.ARM.Collect$$_printf_percent$$00000000) for _printf_percent
    main.o(.text) refers (Special) to _printf_pad.o(.text) for _printf_pre_padding
    main.o(.text) refers (Special) to _printf_d.o(.ARM.Collect$$_printf_percent$$00000009) for _printf_d
    main.o(.text) refers (Special) to _printf_dec.o(.text) for _printf_int_dec
    main.o(.text.main) refers (Special) to _printf_percent.o(.ARM.Collect$$_printf_percent$$00000000) for _printf_percent
    main.o(.text.main) refers (Special) to _printf_pad.o(.text) for _printf_pre_padding
    main.o(.text.main) refers (Special) to _printf_d.o(.ARM.Collect$$_printf_percent$$00000009) for _printf_d
    main.o(.text.main) refers (Special) to _printf_dec.o(.text) for _printf_int_dec
    main.o(.text.main) refers to system_lpc17xx.o(.text.SystemInit) for SystemInit
    main.o(.text.main) refers to lib_button.o(.text.BUTTON_init) for BUTTON_init
    main.o(.text.main) refers to main.o(.data.SnakeMap) for SnakeMap
    main.o(.text.main) refers to main.o(.bss.SnakeP) for SnakeP
    main.o(.text.main) refers to main.o(.bss.snake_body) for snake_body
    main.o(.text.main) refers to joystick.o(.text.joystick_init) for joystick_init
    main.o(.text.main) refers to lib_rit.o(.text.init_RIT) for init_RIT
    main.o(.text.main) refers to lib_timer.o(.text.init_timer) for init_timer
    main.o(.text.main) refers to glcd.o(.text.LCD_Initialization) for LCD_Initialization
    main.o(.text.main) refers to glcd.o(.text.LCD_Clear) for LCD_Clear
    main.o(.text.main) refers to main.o(.text.init_drawing) for init_drawing
    main.o(.text.main) refers to lib_timer.o(.text.enable_timer) for enable_timer
    main.o(.text.main) refers to lib_rit.o(.text.enable_RIT) for enable_RIT
    main.o(.text.main) refers to main.o(.data.Snake_dir) for Snake_dir
    main.o(.text.main) refers to main.o(.text.SnakeM) for SnakeM
    main.o(.ARM.exidx.text.main) refers (Special) to _printf_percent.o(.ARM.Collect$$_printf_percent$$00000000) for _printf_percent
    main.o(.ARM.exidx.text.main) refers (Special) to _printf_pad.o(.text) for _printf_pre_padding
    main.o(.ARM.exidx.text.main) refers (Special) to _printf_d.o(.ARM.Collect$$_printf_percent$$00000009) for _printf_d
    main.o(.ARM.exidx.text.main) refers (Special) to _printf_dec.o(.text) for _printf_int_dec
    main.o(.ARM.exidx.text.main) refers to main.o(.text.main) for [Anonymous Symbol]
    main.o(.text.init_drawing) refers (Special) to _printf_percent.o(.ARM.Collect$$_printf_percent$$00000000) for _printf_percent
    main.o(.text.init_drawing) refers (Special) to _printf_pad.o(.text) for _printf_pre_padding
    main.o(.text.init_drawing) refers (Special) to _printf_d.o(.ARM.Collect$$_printf_percent$$00000009) for _printf_d
    main.o(.text.init_drawing) refers (Special) to _printf_dec.o(.text) for _printf_int_dec
    main.o(.text.init_drawing) refers to glcd.o(.text.GUI_Text) for GUI_Text
    main.o(.text.init_drawing) refers to main.o(.data.snake_length) for snake_length
    main.o(.text.init_drawing) refers to main.o(.rodata.str1.1) for .L.str.1
    main.o(.text.init_drawing) refers to noretval__2sprintf.o(.text) for __2sprintf
    main.o(.text.init_drawing) refers to main.o(.data.SnakeMap) for SnakeMap
    main.o(.text.init_drawing) refers to glcd.o(.text.PutChar) for PutChar
    main.o(.ARM.exidx.text.init_drawing) refers (Special) to _printf_percent.o(.ARM.Collect$$_printf_percent$$00000000) for _printf_percent
    main.o(.ARM.exidx.text.init_drawing) refers (Special) to _printf_pad.o(.text) for _printf_pre_padding
    main.o(.ARM.exidx.text.init_drawing) refers (Special) to _printf_d.o(.ARM.Collect$$_printf_percent$$00000009) for _printf_d
    main.o(.ARM.exidx.text.init_drawing) refers (Special) to _printf_dec.o(.text) for _printf_int_dec
    main.o(.ARM.exidx.text.init_drawing) refers to main.o(.text.init_drawing) for [Anonymous Symbol]
    main.o(.text.SnakeM) refers (Special) to _printf_percent.o(.ARM.Collect$$_printf_percent$$00000000) for _printf_percent
    main.o(.text.SnakeM) refers (Special) to _printf_pad.o(.text) for _printf_pre_padding
    main.o(.text.SnakeM) refers (Special) to _printf_d.o(.ARM.Collect$$_printf_percent$$00000009) for _printf_d
    main.o(.text.SnakeM) refers (Special) to _printf_dec.o(.text) for _printf_int_dec
    main.o(.text.SnakeM) refers to main.o(.data.flag) for flag
    main.o(.text.SnakeM) refers to main.o(.bss.SnakeP) for SnakeP
    main.o(.text.SnakeM) refers to main.o(.data.SnakeMap) for SnakeMap
    main.o(.text.SnakeM) refers to main.o(.data.Snake_dir) for Snake_dir
    main.o(.text.SnakeM) refers to main.o(.bss.Pdir) for Pdir
    main.o(.text.SnakeM) refers to main.o(.data.snake_length) for snake_length
[...]
    main.o(.bss.index) refers (Special) to _printf_pad.o(.text) for _printf_pre_padding
    main.o(.bss.index) refers (Special) to _printf_d.o(.ARM.Collect$$_printf_percent$$00000009) for _printf_d
    main.o(.bss.index) refers (Special) to _printf_dec.o(.text) for _printf_int_dec
    main.o(.ARM.use_no_argv) refers (Special) to _printf_percent.o(.ARM.Collect$$_printf_percent$$00000000) for _printf_percent
    main.o(.ARM.use_no_argv) refers (Special) to _printf_pad.o(.text) for _printf_pre_padding
    main.o(.ARM.use_no_argv) refers (Special) to _printf_d.o(.ARM.Collect$$_printf_percent$$00000009) for _printf_d
    main.o(.ARM.use_no_argv) refers (Special) to _printf_dec.o(.text) for _printf_int_dec
    rand_1.o(.text.random) refers to rand_1.o(.bss.random.seed) for random.seed
    rand_1.o(.ARM.exidx.text.random) refers to rand_1.o(.text.random) for [Anonymous Symbol]
    rand_1.o(.text.rand_in_range) refers to rand_1.o(.bss.random.seed) for random.seed
    rand_1.o(.text.rand_in_range) refers to main.o(.bss.index) for index
    rand_1.o(.ARM.exidx.text.rand_in_range) refers to rand_1.o(.text.rand_in_range) for [Anonymous Symbol]
    joystick.o(.ARM.exidx.text.joystick_init) refers to joystick.o(.text.joystick_init) for [Anonymous Symbol]
    asciilib.o(.text.GetASCIICode) refers to asciilib.o(.rodata.AsciiLib) for AsciiLib
    asciilib.o(.ARM.exidx.text.GetASCIICode) refers to asciilib.o(.text.GetASCIICode) for [Anonymous Symbol]
    glcd.o(.ARM.exidx.text.LCD_Initialization) refers to glcd.o(.text.LCD_Initialization) for [Anonymous Symbol]
    glcd.o(.ARM.exidx.text.LCD_Clear) refers to glcd.o(.text.LCD_Clear) for [Anonymous Symbol]
    glcd.o(.ARM.exidx.text.LCD_GetPoint) refers to glcd.o(.text.LCD_GetPoint) for [Anonymous Symbol]
    glcd.o(.ARM.exidx.text.LCD_SetPoint) refers to glcd.o(.text.LCD_SetPoint) for [Anonymous Symbol]
    glcd.o(.text.LCD_DrawLine) refers to glcd.o(.text.LCD_SetPoint) for LCD_SetPoint
    glcd.o(.ARM.exidx.text.LCD_DrawLine) refers to glcd.o(.text.LCD_DrawLine) for [Anonymous Symbol]
    glcd.o(.text.PutChar) refers to asciilib.o(.text.GetASCIICode) for GetASCIICode
    glcd.o(.text.PutChar) refers to glcd.o(.text.LCD_SetPoint) for LCD_SetPoint
    glcd.o(.ARM.exidx.text.PutChar) refers to glcd.o(.text.PutChar) for [Anonymous Symbol]
    glcd.o(.text.GUI_Text) refers to asciilib.o(.text.GetASCIICode) for GetASCIICode
    glcd.o(.text.GUI_Text) refers to glcd.o(.text.LCD_SetPoint) for LCD_SetPoint
    glcd.o(.ARM.exidx.text.GUI_Text) refers to glcd.o(.text.GUI_Text) for [Anonymous Symbol]
    glcd.o(.text.update_display) refers to asciilib.o(.text.GetASCIICode) for GetASCIICode
    glcd.o(.text.update_display) refers to glcd.o(.text.LCD_SetPoint) for LCD_SetPoint
    glcd.o(.ARM.exidx.text.update_display) refers to glcd.o(.text.update_display) for [Anonymous Symbol]
    hzlib.o(.text.GetGBKCode) refers to hzlib.o(.rodata.HzLib) for HzLib
    hzlib.o(.text.GetGBKCode) refers to rt_memcpy_v6.o(.text) for __aeabi_memcpy
    hzlib.o(.ARM.exidx.text.GetGBKCode) refers to hzlib.o(.text.GetGBKCode) for [Anonymous Symbol]
    lib_button.o(.ARM.exidx.text.BUTTON_init) refers to lib_button.o(.text.BUTTON_init) for [Anonymous Symbol]
    irq_button.o(.ARM.exidx.text.EINT0_IRQHandler) refers to irq_button.o(.text.EINT0_IRQHandler) for [Anonymous Symbol]
    irq_button.o(.ARM.exidx.text.EINT1_IRQHandler) refers to irq_button.o(.text.EINT1_IRQHandler) for [Anonymous Symbol]
    irq_button.o(.ARM.exidx.text.EINT2_IRQHandler) refers to irq_button.o(.text.EINT2_IRQHandler) for [Anonymous Symbol]
    funct_led.o(.text.LED_On) refers to funct_led.o(.rodata.led_mask) for led_mask
    funct_led.o(.text.LED_On) refers to lib_led.o(.bss.led_value) for led_value
    funct_led.o(.ARM.exidx.text.LED_On) refers to funct_led.o(.text.LED_On) for [Anonymous Symbol]
    funct_led.o(.text.LED_Off) refers to funct_led.o(.rodata.led_mask) for led_mask
    funct_led.o(.text.LED_Off) refers to lib_led.o(.bss.led_value) for led_value
    funct_led.o(.ARM.exidx.text.LED_Off) refers to funct_led.o(.text.LED_Off) for [Anonymous Symbol]
    funct_led.o(.text.LED_Out) refers to funct_led.o(.rodata.led_mask) for led_mask
    funct_led.o(.text.LED_Out) refers to lib_led.o(.bss.led_value) for led_value
    funct_led.o(.ARM.exidx.text.LED_Out) refers to funct_led.o(.text.LED_Out) for [Anonymous Symbol]
    lib_led.o(.text.LED_init) refers to lib_led.o(.bss.led_value) for led_value
    lib_led.o(.ARM.exidx.text.LED_init) refers to lib_led.o(.text.LED_init) for [Anonymous Symbol]
    lib_led.o(.ARM.exidx.text.LED_deinit) refers to lib_led.o(.text.LED_deinit) for [Anonymous Symbol]
    irq_rit.o(.text.RIT_IRQHandler) refers to main.o(.bss.Pdir) for Pdir
    irq_rit.o(.text.RIT_IRQHandler) refers to main.o(.data.Snake_dir) for Snake_dir
    irq_rit.o(.ARM.exidx.text.RIT_IRQHandler) refers to irq_rit.o(.text.RIT_IRQHandler) for [Anonymous Symbol]
    lib_rit.o(.ARM.exidx.text.enable_RIT) refers to lib_rit.o(.text.enable_RIT) for [Anonymous Symbol]
    lib_rit.o(.ARM.exidx.text.disable_RIT) refers to lib_rit.o(.text.disable_RIT) for [Anonymous Symbol]
    lib_rit.o(.ARM.exidx.text.reset_RIT) refers to lib_rit.o(.text.reset_RIT) for [Anonymous Symbol]
    lib_rit.o(.ARM.exidx.text.init_RIT) refers to lib_rit.o(.text.init_RIT) for [Anonymous Symbol]
    irq_timer.o(.text) refers (Special) to _printf_percent.o(.ARM.Collect$$_printf_percent$$00000000) for _printf_percent
    irq_timer.o(.text) refers (Special) to _printf_pad.o(.text) for _printf_pre_padding
    irq_timer.o(.text) refers (Special) to _printf_d.o(.ARM.Collect$$_printf_percent$$00000009) for _printf_d
    irq_timer.o(.text) refers (Special) to _printf_dec.o(.text) for _printf_int_dec
    irq_timer.o(.text.TIMER0_IRQHandler) refers (Special) to _printf_percent.o(.ARM.Collect$$_printf_percent$$00000000) for _printf_percent
    irq_timer.o(.text.TIMER0_IRQHandler) refers (Special) to _printf_pad.o(.text) for _printf_pre_padding
    irq_timer.o(.text.TIMER0_IRQHandler) refers (Special) to _printf_d.o(.ARM.Collect$$_printf_percent$$00000009) for _printf_d
    irq_timer.o(.text.TIMER0_IRQHandler) refers (Special) to _printf_dec.o(.text) for _printf_int_dec
    irq_timer.o(.ARM.exidx.text.TIMER0_IRQHandler) refers (Special) to _printf_percent.o(.ARM.Collect$$_printf_percent$$00000000) for _printf_percent
    irq_timer.o(.ARM.exidx.text.TIMER0_IRQHandler) refers (Special) to _printf_pad.o(.text) for _printf_pre_padding
    irq_timer.o(.ARM.exidx.text.TIMER0_IRQHandler) refers (Special) to _printf_d.o(.ARM.Collect$$_printf_percent$$00000009) for _printf_d
    irq_timer.o(.ARM.exidx.text.TIMER0_IRQHandler) refers (Special) to _printf_dec.o(.text) for _printf_int_dec
    irq_timer.o(.ARM.exidx.text.TIMER0_IRQHandler) refers to irq_timer.o(.text.TIMER0_IRQHandler) for [Anonymous Symbol]
    irq_timer.o(.text.Over_game) refers (Special) to _printf_percent.o(.ARM.Collect$$_printf_percent$$00000000) for _printf_percent
    irq_timer.o(.text.Over_game) refers (Special) to _printf_pad.o(.text) for _printf_pre_padding
    irq_timer.o(.text.Over_game) refers (Special) to _printf_d.o(.ARM.Collect$$_printf_percent$$00000009) for _printf_d
    irq_timer.o(.text.Over_game) refers (Special) to _printf_dec.o(.text) for _printf_int_dec
    irq_timer.o(.ARM.exidx.text.Over_game) refers (Special) to _printf_percent.o(.ARM.Collect$$_printf_percent$$00000000) for _printf_percent
    irq_timer.o(.ARM.exidx.text.Over_game) refers (Special) to _printf_pad.o(.text) for _printf_pre_padding
    irq_timer.o(.ARM.exidx.text.Over_game) refers (Special) to _printf_d.o(.ARM.Collect$$_printf_percent$$00000009) for _printf_d
    irq_timer.o(.ARM.exidx.text.Over_game) refers (Special) to _printf_dec.o(.text) for _printf_int_dec
    irq_timer.o(.ARM.exidx.text.Over_game) refers to irq_timer.o(.text.Over_game) for [Anonymous Symbol]
    irq_timer.o(.text.print_CountDown) refers (Special) to _printf_percent.o(.ARM.Collect$$_printf_percent$$00000000) for _printf_percent
    irq_timer.o(.text.print_CountDown) refers (Special) to _printf_pad.o(.text) for _printf_pre_padding
    irq_timer.o(.text.print_CountDown) refers (Special) to _printf_d.o(.ARM.Collect$$_printf_percent$$00000009) for _printf_d
    irq_timer.o(.text.print_CountDown) refers (Special) to _printf_dec.o(.text) for _printf_int_dec
    irq_timer.o(.text.print_CountDown) refers to irq_timer.o(.data.CountDown) for CountDown
    irq_timer.o(.text.print_CountDown) refers to noretval__2sprintf.o(.text) for __2sprintf
    irq_timer.o(.text.print_CountDown) refers to glcd.o(.text.GUI_Text) for GUI_Text
    irq_timer.o(.ARM.exidx.text.print_CountDown) refers (Special) to _printf_percent.o(.ARM.Collect$$_printf_percent$$00000000) for _printf_percent
    irq_timer.o(.ARM.exidx.text.print_CountDown) refers (Special) to _printf_pad.o(.text) for _printf_pre_padding
    irq_timer.o(.ARM.exidx.text.print_CountDown) refers (Special) to _printf_d.o(.ARM.Collect$$_printf_percent$$00000009) for _printf_d
    irq_timer.o(.ARM.exidx.text.print_CountDown) refers (Special) to _printf_dec.o(.text) for _printf_int_dec
    irq_timer.o(.ARM.exidx.text.print_CountDown) refers to irq_timer.o(.text.print_CountDown) for [Anonymous Symbol]
    irq_timer.o(.data.CountDown) refers (Special) to _printf_percent.o(.ARM.Collect$$_printf_percent$$00000000) for _printf_percent
    irq_timer.o(.data.CountDown) refers (Special) to _printf_pad.o(.text) for _printf_pre_padding
    irq_timer.o(.data.CountDown) refers (Special) to _printf_d.o(.ARM.Collect$$_printf_percent$$00000009) for _printf_d
    irq_timer.o(.data.CountDown) refers (Special) to _printf_dec.o(.text) for _printf_int_dec
    lib_timer.o(.ARM.exidx.text.enable_timer) refers to lib_timer.o(.text.enable_timer) for [Anonymous Symbol]
    lib_timer.o(.ARM.exidx.text.disable_timer) refers to lib_timer.o(.text.disable_timer) for [Anonymous Symbol]
    lib_timer.o(.ARM.exidx.text.reset_timer) refers to lib_timer.o(.text.reset_timer) for [Anonymous Symbol]
    lib_timer.o(.ARM.exidx.text.init_timer) refers to lib_timer.o(.text.init_timer) for [Anonymous Symbol]
    startup_lpc17xx.o(STACK) refers (Special) to heapauxi.o(.text) for __use_two_region_memory
    startup_lpc17xx.o(HEAP) refers (Special) to heapauxi.o(.text) for __use_two_region_memory
    startup_lpc17xx.o(RESET) refers (Special) to heapauxi.o(.text) for __use_two_region_memory
    startup_lpc17xx.o(RESET) refers to startup_lpc17xx.o(STACK) for __initial_sp
    startup_lpc17xx.o(RESET) refers to startup_lpc17xx.o(.text) for Reset_Handler
    startup_lpc17xx.o(RESET) refers to irq_timer.o(.text.TIMER0_IRQHandler) for TIMER0_IRQHandler
    startup_lpc17xx.o(RESET) refers to irq_button.o(.text.EINT0_IRQHandler) for EINT0_IRQHandler
    startup_lpc17xx.o(RESET) refers to irq_button.o(.text.EINT1_IRQHandler) for EINT1_IRQHandler
    startup_lpc17xx.o(RESET) refers to irq_button.o(.text.EINT2_IRQHandler) for EINT2_IRQHandler
    startup_lpc17xx.o(RESET) refers to irq_rit.o(.text.RIT_IRQHandler) for RIT_IRQHandler
    startup_lpc17xx.o(.ARM.__at_0x02FC) refers (Special) to heapauxi.o(.text) for __use_two_region_memory
    startup_lpc17xx.o(.text) refers (Special) to heapauxi.o(.text) for __use_two_region_memory
    startup_lpc17xx.o(.text) refers to __main.o(!!!main) for __main
    startup_lpc17xx.o(.text) refers to startup_lpc17xx.o(HEAP) for Heap_Mem
    startup_lpc17xx.o(.text) refers to startup_lpc17xx.o(STACK) for Stack_Mem
    system_lpc17xx.o(.text.SystemCoreClockUpdate) refers to lludivv7m.o(.text) for __aeabi_uldivmod
    system_lpc17xx.o(.text.SystemCoreClockUpdate) refers to system_lpc17xx.o(.data.SystemCoreClock) for SystemCoreClock
    system_lpc17xx.o(.ARM.exidx.text.SystemCoreClockUpdate) refers to system_lpc17xx.o(.text.SystemCoreClockUpdate) for [Anonymous Symbol]
    system_lpc17xx.o(.ARM.exidx.text.SystemInit) refers to system_lpc17xx.o(.text.SystemInit) for [Anonymous Symbol]
    __2sprintf.o(.text) refers to _printf_char_common.o(.text) for _printf_char_common
    __2sprintf.o(.text) refers to _sputc.o(.text) for _sputc
    noretval__2sprintf.o(.text) refers to _printf_char_common.o(.text) for _printf_char_common
    noretval__2sprintf.o(.text) refers to _sputc.o(.text) for _sputc
    __printf.o(.text) refers to _printf_percent.o(.ARM.Collect$$_printf_percent$$00000000) for _printf_percent
    _printf_dec.o(.text) refers to _printf_intcommon.o(.text) for _printf_int_common
    __printf_flags.o(.text) refers to _printf_percent.o(.ARM.Collect$$_printf_percent$$00000000) for _printf_percent
    __printf_flags.o(.text) refers to __printf_flags.o(.constdata) for .constdata
    __printf_ss.o(.text) refers to _printf_percent.o(.ARM.Collect$$_printf_percent$$00000000) for _printf_percent
    __printf_flags_ss.o(.text) refers to _printf_percent.o(.ARM.Collect$$_printf_percent$$00000000) for _printf_percent
    __printf_flags_ss.o(.text) refers to __printf_flags_ss.o(.constdata) for .constdata
    __printf_wp.o(.text) refers to __printf_wp.o(i._is_digit) for _is_digit
    __printf_wp.o(.text) refers to _printf_percent.o(.ARM.Collect$$_printf_percent$$00000000) for _printf_percent
    __printf_flags_wp.o(.text) refers to __printf_wp.o(i._is_digit) for _is_digit
    __printf_flags_wp.o(.text) refers to _printf_percent.o(.ARM.Collect$$_printf_percent$$00000000) for _printf_percent
    __printf_flags_wp.o(.text) refers to __printf_flags_wp.o(.constdata) for .constdata
    __printf_ss_wp.o(.text) refers to __printf_wp.o(i._is_digit) for _is_digit
    __printf_ss_wp.o(.text) refers to _printf_percent.o(.ARM.Collect$$_printf_percent$$00000000) for _printf_percent
    __printf_flags_ss_wp.o(.text) refers to __printf_wp.o(i._is_digit) for _is_digit
    __printf_flags_ss_wp.o(.text) refers to _printf_percent.o(.ARM.Collect$$_printf_percent$$00000000) for _printf_percent
    __printf_flags_ss_wp.o(.text) refers to __printf_flags_ss_wp.o(.constdata) for .constdata
    _printf_d.o(.ARM.Collect$$_printf_percent$$00000009) refers (Weak) to _printf_dec.o(.text) for _printf_int_dec
    _printf_percent.o(.ARM.Collect$$_printf_percent$$00000000) refers (Special) to _printf_percent_end.o(.ARM.Collect$$_printf_percent$$00000017) for _printf_percent_end
    rt_memcpy_v6.o(.text) refers to rt_memcpy_w.o(.text) for __aeabi_memcpy4
    rt_memmove_w.o(.text) refers to rt_memcpy_w.o(.text) for __aeabi_memcpy4
    __main.o(!!!main) refers to __rtentry.o(.ARM.Collect$$rtentry$$00000000) for __rt_entry
    __rtentry.o(.ARM.Collect$$rtentry$$00000000) refers (Special) to __rtentry2.o(.ARM.Collect$$rtentry$$0000000A) for __rt_entry_li
    __rtentry.o(.ARM.Collect$$rtentry$$00000000) refers (Special) to __rtentry2.o(.ARM.Collect$$rtentry$$0000000D) for __rt_entry_main
    __rtentry.o(.ARM.Collect$$rtentry$$00000000) refers (Special) to __rtentry2.o(.ARM.Collect$$rtentry$$0000000C) for __rt_entry_postli_1
    __rtentry.o(.ARM.Collect$$rtentry$$00000000) refers (Special) to __rtentry2.o(.ARM.Collect$$rtentry$$00000009) for __rt_entry_postsh_1
    __rtentry.o(.ARM.Collect$$rtentry$$00000000) refers (Special) to __rtentry2.o(.ARM.Collect$$rtentry$$00000002) for __rt_entry_presh_1
    __rtentry.o(.ARM.Collect$$rtentry$$00000000) refers (Special) to __rtentry4.o(.ARM.Collect$$rtentry$$00000004) for __rt_entry_sh
    aeabi_ldiv0_sigfpe.o(.text) refers to rt_div0.o(.text) for __rt_div0
    _printf_intcommon.o(.text) refers (Weak) to _printf_pad.o(.text) for _printf_pre_padding
    _printf_intcommon.o(.text) refers (Weak) to _printf_pad.o(.text) for _printf_pre_padding
    _printf_intcommon.o(.text) refers (Weak) to _printf_pad.o(.text) for _printf_post_padding
    _printf_char_common.o(.text) refers to __printf_flags_wp.o(.text) for __printf
    __rtentry2.o(.ARM.Collect$$rtentry$$00000008) refers to boardinit2.o(.text) for _platform_post_stackheap_init
    __rtentry2.o(.ARM.Collect$$rtentry$$0000000A) refers to libinit.o(.ARM.Collect$$libinit$$00000000) for __rt_lib_init
    __rtentry2.o(.ARM.Collect$$rtentry$$0000000B) refers to boardinit3.o(.text) for _platform_post_lib_init
    __rtentry2.o(.ARM.Collect$$rtentry$$0000000D) refers to main.o(.text.main) for main
    __rtentry2.o(.ARM.Collect$$rtentry$$0000000D) refers to exit.o(.text) for exit
    __rtentry2.o(.ARM.exidx) refers to __rtentry2.o(.ARM.Collect$$rtentry$$00000001) for .ARM.Collect$$rtentry$$00000001
    __rtentry2.o(.ARM.exidx) refers to __rtentry2.o(.ARM.Collect$$rtentry$$00000008) for .ARM.Collect$$rtentry$$00000008
    __rtentry2.o(.ARM.exidx) refers to __rtentry2.o(.ARM.Collect$$rtentry$$0000000A) for .ARM.Collect$$rtentry$$0000000A
    __rtentry2.o(.ARM.exidx) refers to __rtentry2.o(.ARM.Collect$$rtentry$$0000000B) for .ARM.Collect$$rtentry$$0000000B
    __rtentry2.o(.ARM.exidx) refers to __rtentry2.o(.ARM.Collect$$rtentry$$0000000D) for .ARM.Collect$$rtentry$$0000000D
    __rtentry4.o(.ARM.Collect$$rtentry$$00000004) refers to sys_stackheap_outer.o(.text) for __user_setup_stackheap
    __rtentry4.o(.ARM.exidx) refers to __rtentry4.o(.ARM.Collect$$rtentry$$00000004) for .ARM.Collect$$rtentry$$00000004
    rt_div0.o(.text) refers to defsig_fpe_outer.o(.text) for __rt_SIGFPE
    sys_stackheap_outer.o(.text) refers to libspace.o(.text) for __user_perproc_libspace
    sys_stackheap_outer.o(.text) refers to startup_lpc17xx.o(.text) for __user_initial_stackheap
    exit.o(.text) refers to rtexit.o(.ARM.Collect$$rtexit$$00000000) for __rt_exit
    defsig_fpe_outer.o(.text) refers to defsig_fpe_inner.o(.text) for __rt_SIGFPE_inner
    defsig_fpe_outer.o(.text) refers to defsig_exit.o(.text) for __sig_exit
    defsig_fpe_formal.o(.text) refers to rt_raise.o(.text) for __rt_raise
    libinit.o(.ARM.Collect$$libinit$$00000000) refers (Special) to libinit2.o(.ARM.Collect$$libinit$$00000030) for __rt_lib_init_alloca_1
    libinit.o(.ARM.Collect$$libinit$$00000000) refers (Special) to libinit2.o(.ARM.Collect$$libinit$$0000002E) for __rt_lib_init_argv_1
    libinit.o(.ARM.Collect$$libinit$$00000000) refers (Special) to libinit2.o(.ARM.Collect$$libinit$$0000001D) for __rt_lib_init_atexit_1
    libinit.o(.ARM.Collect$$libinit$$00000000) refers (Special) to libinit2.o(.ARM.Collect$$libinit$$00000023) for __rt_lib_init_clock_1
    libinit.o(.ARM.Collect$$libinit$$00000000) refers (Special) to libinit2.o(.ARM.Collect$$libinit$$00000034) for __rt_lib_init_cpp_1
    libinit.o(.ARM.Collect$$libinit$$00000000) refers (Special) to libinit2.o(.ARM.Collect$$libinit$$00000032) for __rt_lib_init_exceptions_1
    libinit.o(.ARM.Collect$$libinit$$00000000) refers (Special) to libinit2.o(.ARM.Collect$$libinit$$00000002) for __rt_lib_init_fp_1
    libinit.o(.ARM.Collect$$libinit$$00000000) refers (Special) to libinit2.o(.ARM.Collect$$libinit$$00000021) for __rt_lib_init_fp_trap_1
    libinit.o(.ARM.Collect$$libinit$$00000000) refers (Special) to libinit2.o(.ARM.Collect$$libinit$$00000025) for __rt_lib_init_getenv_1
    libinit.o(.ARM.Collect$$libinit$$00000000) refers (Special) to libinit2.o(.ARM.Collect$$libinit$$0000000C) for __rt_lib_init_heap_1
    libinit.o(.ARM.Collect$$libinit$$00000000) refers (Special) to libinit2.o(.ARM.Collect$$libinit$$00000013) for __rt_lib_init_lc_collate_1
    libinit.o(.ARM.Collect$$libinit$$00000000) refers (Special) to libinit2.o(.ARM.Collect$$libinit$$00000015) for __rt_lib_init_lc_ctype_1
    libinit.o(.ARM.Collect$$libinit$$00000000) refers (Special) to libinit2.o(.ARM.Collect$$libinit$$00000017) for __rt_lib_init_lc_monetary_1
    libinit.o(.ARM.Collect$$libinit$$00000000) refers (Special) to libinit2.o(.ARM.Collect$$libinit$$00000019) for __rt_lib_init_lc_numeric_1
    libinit.o(.ARM.Collect$$libinit$$00000000) refers (Special) to libinit2.o(.ARM.Collect$$libinit$$0000001B) for __rt_lib_init_lc_time_1
    libinit.o(.ARM.Collect$$libinit$$00000000) refers (Special) to libinit2.o(.ARM.Collect$$libinit$$00000006) for __rt_lib_init_preinit_1
    libinit.o(.ARM.Collect$$libinit$$00000000) refers (Special) to libinit2.o(.ARM.Collect$$libinit$$00000010) for __rt_lib_init_rand_1
    libinit.o(.ARM.Collect$$libinit$$00000000) refers (Special) to libinit2.o(.ARM.Collect$$libinit$$00000004) for __rt_lib_init_relocate_pie_1
    libinit.o(.ARM.Collect$$libinit$$00000000) refers (Special) to libinit2.o(.ARM.Collect$$libinit$$00000035) for __rt_lib_init_return
    libinit.o(.ARM.Collect$$libinit$$00000000) refers (Special) to libinit2.o(.ARM.Collect$$libinit$$0000001F) for __rt_lib_init_signal_1
    libinit.o(.ARM.Collect$$libinit$$00000000) refers (Special) to libinit2.o(.ARM.Collect$$libinit$$00000027) for __rt_lib_init_stdio_1
    libinit.o(.ARM.Collect$$libinit$$00000000) refers (Special) to libinit2.o(.ARM.Collect$$libinit$$0000000E) for __rt_lib_init_user_alloc_1
    libspace.o(.text) refers to libspace.o(.bss) for __libspace_start
    rtexit.o(.ARM.Collect$$rtexit$$00000000) refers (Special) to rtexit2.o(.ARM.Collect$$rtexit$$00000004) for __rt_exit_exit
    rtexit.o(.ARM.Collect$$rtexit$$00000000) refers (Special) to rtexit2.o(.ARM.Collect$$rtexit$$00000003) for __rt_exit_ls
    rtexit.o(.ARM.Collect$$rtexit$$00000000) refers (Special) to rtexit2.o(.ARM.Collect$$rtexit$$00000002) for __rt_exit_prels_1
    rtexit.o(.ARM.exidx) refers (Special) to rtexit2.o(.ARM.Collect$$rtexit$$00000004) for __rt_exit_exit
    rtexit.o(.ARM.exidx) refers (Special) to rtexit2.o(.ARM.Collect$$rtexit$$00000003) for __rt_exit_ls
    rtexit.o(.ARM.exidx) refers (Special) to rtexit2.o(.ARM.Collect$$rtexit$$00000002) for __rt_exit_prels_1
    rtexit.o(.ARM.exidx) refers to rtexit.o(.ARM.Collect$$rtexit$$00000000) for .ARM.Collect$$rtexit$$00000000
    rt_raise.o(.text) refers to __raise.o(.text) for __raise
    rt_raise.o(.text) refers to sys_exit.o(.text) for _sys_exit
    defsig_exit.o(.text) refers to sys_exit.o(.text) for _sys_exit
    defsig_fpe_inner.o(.text) refers to defsig_general.o(.text) for __default_signal_display
    libinit2.o(.ARM.Collect$$libinit$$00000012) refers to libinit2.o(.ARM.Collect$$libinit$$00000011) for .ARM.Collect$$libinit$$00000011
    libinit2.o(.ARM.Collect$$libinit$$00000014) refers to libinit2.o(.ARM.Collect$$libinit$$00000011) for .ARM.Collect$$libinit$$00000011
    libinit2.o(.ARM.Collect$$libinit$$00000016) refers to libinit2.o(.ARM.Collect$$libinit$$00000011) for .ARM.Collect$$libinit$$00000011
    libinit2.o(.ARM.Collect$$libinit$$00000018) refers to libinit2.o(.ARM.Collect$$libinit$$00000011) for .ARM.Collect$$libinit$$00000011
    libinit2.o(.ARM.Collect$$libinit$$0000001A) refers to libinit2.o(.ARM.Collect$$libinit$$00000011) for .ARM.Collect$$libinit$$00000011
    libinit2.o(.ARM.Collect$$libinit$$00000028) refers to argv_veneer.o(.emb_text) for __ARM_argv_veneer
    libinit2.o(.ARM.Collect$$libinit$$00000029) refers to argv_veneer.o(.emb_text) for __ARM_argv_veneer
    sys_exit.o(.text) refers (Special) to use_no_semi.o(.text) for __I$use$semihosting
    sys_exit.o(.text) refers (Special) to indicate_semi.o(.text) for __semihosting_library_function
    sys_exit_hlt.o(.text) refers (Special) to use_no_semi.o(.text) for __I$use$semihosting
    sys_exit_hlt.o(.text) refers (Special) to indicate_semi.o(.text) for __semihosting_library_function
    rtexit2.o(.ARM.Collect$$rtexit$$00000003) refers to libshutdown.o(.ARM.Collect$$libshutdown$$00000000) for __rt_lib_shutdown
    rtexit2.o(.ARM.Collect$$rtexit$$00000004) refers to sys_exit.o(.text) for _sys_exit
    rtexit2.o(.ARM.exidx) refers to rtexit2.o(.ARM.Collect$$rtexit$$00000001) for .ARM.Collect$$rtexit$$00000001
    rtexit2.o(.ARM.exidx) refers to rtexit2.o(.ARM.Collect$$rtexit$$00000003) for .ARM.Collect$$rtexit$$00000003
    rtexit2.o(.ARM.exidx) refers to rtexit2.o(.ARM.Collect$$rtexit$$00000004) for .ARM.Collect$$rtexit$$00000004
    __raise.o(.text) refers to defsig.o(CL$$defsig) for __default_signal_handler
    defsig_general.o(.text) refers to sys_wrch.o(.text) for _ttywrch
    argv_veneer.o(.emb_text) refers to no_argv.o(.text) for __ARM_get_argv
    sys_wrch.o(.text) refers (Special) to use_no_semi.o(.text) for __I$use$semihosting
    sys_wrch.o(.text) refers (Special) to indicate_semi.o(.text) for __semihosting_library_function
    sys_wrch_hlt.o(.text) refers (Special) to use_no_semi.o(.text) for __I$use$semihosting
    sys_wrch_hlt.o(.text) refers (Special) to indicate_semi.o(.text) for __semihosting_library_function
    defsig.o(CL$$defsig) refers to defsig_fpe_inner.o(.text) for __rt_SIGFPE_inner
    defsig.o(CL$$defsig) refers to defsig_rtmem_inner.o(.text) for __rt_SIGRTMEM_inner
    _get_argv_nomalloc.o(.text) refers (Special) to hrguard.o(.text) for __heap_region$guard
    _get_argv_nomalloc.o(.text) refers to defsig_rtmem_outer.o(.text) for __rt_SIGRTMEM
    _get_argv_nomalloc.o(.text) refers to sys_command.o(.text) for _sys_command_string
    libshutdown.o(.ARM.Collect$$libshutdown$$00000000) refers (Special) to libshutdown2.o(.ARM.Collect$$libshutdown$$00000002) for __rt_lib_shutdown_cpp_1
    libshutdown.o(.ARM.Collect$$libshutdown$$00000000) refers (Special) to libshutdown2.o(.ARM.Collect$$libshutdown$$00000007) for __rt_lib_shutdown_fp_trap_1
    libshutdown.o(.ARM.Collect$$libshutdown$$00000000) refers (Special) to libshutdown2.o(.ARM.Collect$$libshutdown$$0000000F) for __rt_lib_shutdown_heap_1
    libshutdown.o(.ARM.Collect$$libshutdown$$00000000) refers (Special) to libshutdown2.o(.ARM.Collect$$libshutdown$$00000010) for __rt_lib_shutdown_return
    libshutdown.o(.ARM.Collect$$libshutdown$$00000000) refers (Special) to libshutdown2.o(.ARM.Collect$$libshutdown$$0000000A) for __rt_lib_shutdown_signal_1
    libshutdown.o(.ARM.Collect$$libshutdown$$00000000) refers (Special) to libshutdown2.o(.ARM.Collect$$libshutdown$$00000004) for __rt_lib_shutdown_stdio_1
    libshutdown.o(.ARM.Collect$$libshutdown$$00000000) refers (Special) to libshutdown2.o(.ARM.Collect$$libshutdown$$0000000C) for __rt_lib_shutdown_user_alloc_1
    sys_command.o(.text) refers (Special) to use_no_semi.o(.text) for __I$use$semihosting
    sys_command.o(.text) refers (Special) to indicate_semi.o(.text) for __semihosting_library_function
    sys_command_hlt.o(.text) refers (Special) to use_no_semi.o(.text) for __I$use$semihosting
    sys_command_hlt.o(.text) refers (Special) to indicate_semi.o(.text) for __semihosting_library_function
    defsig_abrt_inner.o(.text) refers to defsig_general.o(.text) for __default_signal_display
    defsig_rtred_inner.o(.text) refers to defsig_general.o(.text) for __default_signal_display
    defsig_rtmem_inner.o(.text) refers to defsig_general.o(.text) for __default_signal_display
    defsig_rtmem_outer.o(.text) refers to defsig_rtmem_inner.o(.text) for __rt_SIGRTMEM_inner
    defsig_rtmem_outer.o(.text) refers to defsig_exit.o(.text) for __sig_exit
    defsig_rtmem_formal.o(.text) refers to rt_raise.o(.text) for __rt_raise
    defsig_stak_inner.o(.text) refers to defsig_general.o(.text) for __default_signal_display
    defsig_pvfn_inner.o(.text) refers to defsig_general.o(.text) for __default_signal_display
    defsig_cppl_inner.o(.text) refers to defsig_general.o(.text) for __default_signal_display
    defsig_segv_inner.o(.text) refers to defsig_general.o(.text) for __default_signal_display
    defsig_other.o(.text) refers to defsig_general.o(.text) for __default_signal_display


==============================================================================

Removing Unused input sections from the image.

    Removing main.o(.text), (0 bytes).
    Removing main.o(.ARM.exidx.text.main), (8 bytes).
    Removing main.o(.ARM.exidx.text.init_drawing), (8 bytes).
    Removing main.o(.ARM.exidx.text.SnakeM), (8 bytes).
    Removing main.o(.text.delay_ms), (52 bytes).
    Removing main.o(.ARM.exidx.text.delay_ms), (8 bytes).
    Removing main.o(.text.print_Score), (60 bytes).
    Removing main.o(.ARM.exidx.text.print_Score), (8 bytes).
    Removing main.o(.ARM.use_no_argv), (4 bytes).
    Removing rand_1.o(.text), (0 bytes).
    Removing rand_1.o(.text.random), (58 bytes).
    Removing rand_1.o(.ARM.exidx.text.random), (8 bytes).
    Removing rand_1.o(.ARM.exidx.text.rand_in_range), (8 bytes).
    Removing joystick.o(.text), (0 bytes).
    Removing joystick.o(.ARM.exidx.text.joystick_init), (8 bytes).
    Removing asciilib.o(.text), (0 bytes).
    Removing asciilib.o(.ARM.exidx.text.GetASCIICode), (8 bytes).
    Removing glcd.o(.text), (0 bytes).
    Removing glcd.o(.ARM.exidx.text.LCD_Initialization), (8 bytes).
    Removing glcd.o(.ARM.exidx.text.LCD_Clear), (8 bytes).
    Removing glcd.o(.text.LCD_GetPoint), (356 bytes).
    Removing glcd.o(.ARM.exidx.text.LCD_GetPoint), (8 bytes).
    Removing glcd.o(.ARM.exidx.text.LCD_SetPoint), (8 bytes).
    Removing glcd.o(.text.LCD_DrawLine), (224 bytes).
    Removing glcd.o(.ARM.exidx.text.LCD_DrawLine), (8 bytes).
    Removing glcd.o(.ARM.exidx.text.PutChar), (8 bytes).
    Removing glcd.o(.ARM.exidx.text.GUI_Text), (8 bytes).
    Removing glcd.o(.ARM.exidx.text.update_display), (8 bytes).
    Removing hzlib.o(.text), (0 bytes).
    Removing hzlib.o(.text.GetGBKCode), (36 bytes).
    Removing hzlib.o(.ARM.exidx.text.GetGBKCode), (8 bytes).
    Removing hzlib.o(.rodata.HzLib), (216576 bytes).
    Removing lib_button.o(.text), (0 bytes).
    Removing lib_button.o(.ARM.exidx.text.BUTTON_init), (8 bytes).
    Removing irq_button.o(.text), (0 bytes).
    Removing irq_button.o(.ARM.exidx.text.EINT0_IRQHandler), (8 bytes).
    Removing irq_button.o(.ARM.exidx.text.EINT1_IRQHandler), (8 bytes).
    Removing irq_button.o(.ARM.exidx.text.EINT2_IRQHandler), (8 bytes).
    Removing funct_led.o(.text), (0 bytes).
    Removing funct_led.o(.text.LED_On), (40 bytes).
    Removing funct_led.o(.ARM.exidx.text.LED_On), (8 bytes).
    Removing funct_led.o(.text.LED_Off), (42 bytes).
    Removing funct_led.o(.ARM.exidx.text.LED_Off), (8 bytes).
    Removing funct_led.o(.text.LED_Out), (68 bytes).
    Removing funct_led.o(.ARM.exidx.text.LED_Out), (8 bytes).
    Removing funct_led.o(.rodata.led_mask), (32 bytes).
    Removing lib_led.o(.text), (0 bytes).
    Removing lib_led.o(.text.LED_init), (52 bytes).
    Removing lib_led.o(.ARM.exidx.text.LED_init), (8 bytes).
    Removing lib_led.o(.text.LED_deinit), (18 bytes).
    Removing lib_led.o(.ARM.exidx.text.LED_deinit), (8 bytes).
    Removing lib_led.o(.bss.led_value), (1 bytes).
    Removing irq_rit.o(.text), (0 bytes).
    Removing irq_rit.o(.ARM.exidx.text.RIT_IRQHandler), (8 bytes).
    Removing lib_rit.o(.text), (0 bytes).
    Removing lib_rit.o(.ARM.exidx.text.enable_RIT), (8 bytes).
    Removing lib_rit.o(.ARM.exidx.text.disable_RIT), (8 bytes).
    Removing lib_rit.o(.text.reset_RIT), (12 bytes).
    Removing lib_rit.o(.ARM.exidx.text.reset_RIT), (8 bytes).
    Removing lib_rit.o(.ARM.exidx.text.init_RIT), (8 bytes).
    Removing irq_timer.o(.text), (0 bytes).
    Removing irq_timer.o(.ARM.exidx.text.TIMER0_IRQHandler), (8 bytes).
    Removing irq_timer.o(.text.Over_game), (2 bytes).
    Removing irq_timer.o(.ARM.exidx.text.Over_game), (8 bytes).
    Removing irq_timer.o(.text.print_CountDown), (60 bytes).
    Removing irq_timer.o(.ARM.exidx.text.print_CountDown), (8 bytes).
    Removing irq_timer.o(.data.CountDown), (1 bytes).
    Removing lib_timer.o(.text), (0 bytes).
    Removing lib_timer.o(.ARM.exidx.text.enable_timer), (8 bytes).
    Removing lib_timer.o(.ARM.exidx.text.disable_timer), (8 bytes).
    Removing lib_timer.o(.text.reset_timer), (34 bytes).
    Removing lib_timer.o(.ARM.exidx.text.reset_timer), (8 bytes).
    Removing lib_timer.o(.ARM.exidx.text.init_timer), (8 bytes).
    Removing system_lpc17xx.o(.text), (0 bytes).
    Removing system_lpc17xx.o(.text.SystemCoreClockUpdate), (210 bytes).
    Removing system_lpc17xx.o(.ARM.exidx.text.SystemCoreClockUpdate), (8 bytes).
    Removing system_lpc17xx.o(.ARM.exidx.text.SystemInit), (8 bytes).
    Removing system_lpc17xx.o(.data.SystemCoreClock), (4 bytes).

78 unused section(s) (total 218270 bytes) removed from the image.

==============================================================================

Image Symbol Table

    Local Symbols

    Symbol Name                              Value     Ov Type        Size  Object(Section)

    ../clib/angel/boardlib.s                 0x00000000   Number         0  boardinit1.o ABSOLUTE
    ../clib/angel/boardlib.s                 0x00000000   Number         0  boardinit2.o ABSOLUTE
    ../clib/angel/boardlib.s                 0x00000000   Number         0  boardinit3.o ABSOLUTE
    ../clib/angel/boardlib.s                 0x00000000   Number         0  boardshut.o ABSOLUTE
    ../clib/angel/dclz77c.s                  0x00000000   Number         0  __dclz77c.o ABSOLUTE
    ../clib/angel/handlers.s                 0x00000000   Number         0  __scatter_zi.o ABSOLUTE
    ../clib/angel/kernel.s                   0x00000000   Number         0  __rtentry.o ABSOLUTE
    ../clib/angel/kernel.s                   0x00000000   Number         0  __rtentry2.o ABSOLUTE
    ../clib/angel/kernel.s                   0x00000000   Number         0  __rtentry4.o ABSOLUTE
    ../clib/angel/kernel.s                   0x00000000   Number         0  rtexit.o ABSOLUTE
    ../clib/angel/kernel.s                   0x00000000   Number         0  rtexit2.o ABSOLUTE
    ../clib/angel/rt.s                       0x00000000   Number         0  aeabi_ldiv0.o ABSOLUTE
    ../clib/angel/rt.s                       0x00000000   Number         0  aeabi_ldiv0_sigfpe.o ABSOLUTE
    ../clib/angel/rt.s                       0x00000000   Number         0  rt_div0.o ABSOLUTE
    ../clib/angel/rt.s                       0x00000000   Number         0  rt_raise.o ABSOLUTE
    ../clib/angel/scatter.s                  0x00000000   Number         0  __scatter.o ABSOLUTE
    ../clib/angel/startup.s                  0x00000000   Number         0  __main.o ABSOLUTE
    ../clib/angel/sys.s                      0x00000000   Number         0  sys_stackheap_outer.o ABSOLUTE
    ../clib/angel/sys.s                      0x00000000   Number         0  libspace.o ABSOLUTE
    ../clib/angel/sys.s                      0x00000000   Number         0  use_no_semi.o ABSOLUTE
    ../clib/angel/sys.s                      0x00000000   Number         0  indicate_semi.o ABSOLUTE
    ../clib/angel/sysapp.c                   0x00000000   Number         0  sys_exit.o ABSOLUTE
    ../clib/angel/sysapp.c                   0x00000000   Number         0  sys_exit_hlt.o ABSOLUTE
    ../clib/angel/sysapp.c                   0x00000000   Number         0  sys_wrch.o ABSOLUTE
    ../clib/angel/sysapp.c                   0x00000000   Number         0  sys_wrch_hlt.o ABSOLUTE
    ../clib/angel/sysapp.c                   0x00000000   Number         0  sys_command.o ABSOLUTE
    ../clib/angel/sysapp.c                   0x00000000   Number         0  sys_command_hlt.o ABSOLUTE
    ../clib/armsys.c                         0x00000000   Number         0  argv_veneer.o ABSOLUTE
    ../clib/armsys.c                         0x00000000   Number         0  argv_veneer.o ABSOLUTE
    ../clib/armsys.c                         0x00000000   Number         0  _get_argv_nomalloc.o ABSOLUTE
    ../clib/armsys.c                         0x00000000   Number         0  no_argv.o ABSOLUTE
    ../clib/heapalloc.c                      0x00000000   Number         0  hrguard.o ABSOLUTE
    ../clib/heapaux.c                        0x00000000   Number         0  heapauxi.o ABSOLUTE
    ../clib/libinit.s                        0x00000000   Number         0  libinit.o ABSOLUTE
    ../clib/libinit.s                        0x00000000   Number         0  libinit2.o ABSOLUTE
    ../clib/libinit.s                        0x00000000   Number         0  libshutdown.o ABSOLUTE
    ../clib/libinit.s                        0x00000000   Number         0  libshutdown2.o ABSOLUTE
    ../clib/longlong.s                       0x00000000   Number         0  lludivv7m.o ABSOLUTE
    ../clib/memcpset.s                       0x00000000   Number         0  rt_memcpy_v6.o ABSOLUTE
    ../clib/memcpset.s                       0x00000000   Number         0  rt_memmove_w.o ABSOLUTE
    ../clib/memcpset.s                       0x00000000   Number         0  rt_memcpy_w.o ABSOLUTE
    ../clib/misc.s                           0x00000000   Number         0  printf_stubs.o ABSOLUTE
    ../clib/printf.c                         0x00000000   Number         0  __2sprintf.o ABSOLUTE
    ../clib/printf.c                         0x00000000   Number         0  noretval__2sprintf.o ABSOLUTE
    ../clib/printf.c                         0x00000000   Number         0  __printf.o ABSOLUTE
    ../clib/printf.c                         0x00000000   Number         0  _printf_pad.o ABSOLUTE
    ../clib/printf.c                         0x00000000   Number         0  _printf_dec.o ABSOLUTE
    ../clib/printf.c                         0x00000000   Number         0  __printf_flags.o ABSOLUTE
    ../clib/printf.c                         0x00000000   Number         0  __printf_ss.o ABSOLUTE
    ../clib/printf.c                         0x00000000   Number         0  __printf_flags_ss.o ABSOLUTE
    ../clib/printf.c                         0x00000000   Number         0  __printf_wp.o ABSOLUTE
    ../clib/printf.c                         0x00000000   Number         0  __printf_flags_wp.o ABSOLUTE
    ../clib/printf.c                         0x00000000   Number         0  __printf_ss_wp.o ABSOLUTE
    ../clib/printf.c                         0x00000000   Number         0  __printf_flags_ss_wp.o ABSOLUTE
    ../clib/printf.c                         0x00000000   Number         0  _printf_intcommon.o ABSOLUTE
    ../clib/printf.c                         0x00000000   Number         0  _printf_char_common.o ABSOLUTE
    ../clib/printf.c                         0x00000000   Number         0  _sputc.o ABSOLUTE
    ../clib/printf.c                         0x00000000   Number         0  __printf_nopercent.o ABSOLUTE
    ../clib/printf_percent.s                 0x00000000   Number         0  _printf_d.o ABSOLUTE
    ../clib/printf_percent.s                 0x00000000   Number         0  _printf_percent.o ABSOLUTE
    ../clib/printf_percent.s                 0x00000000   Number         0  _printf_percent_end.o ABSOLUTE
    ../clib/signal.c                         0x00000000   Number         0  defsig_fpe_outer.o ABSOLUTE
    ../clib/signal.c                         0x00000000   Number         0  defsig_fpe_formal.o ABSOLUTE
    ../clib/signal.c                         0x00000000   Number         0  defsig_exit.o ABSOLUTE
    ../clib/signal.c                         0x00000000   Number         0  defsig_fpe_inner.o ABSOLUTE
    ../clib/signal.c                         0x00000000   Number         0  __raise.o ABSOLUTE
    ../clib/signal.c                         0x00000000   Number         0  defsig_general.o ABSOLUTE
    ../clib/signal.c                         0x00000000   Number         0  defsig_abrt_inner.o ABSOLUTE
    ../clib/signal.c                         0x00000000   Number         0  defsig_rtred_inner.o ABSOLUTE
    ../clib/signal.c                         0x00000000   Number         0  defsig_rtmem_inner.o ABSOLUTE
    ../clib/signal.c                         0x00000000   Number         0  defsig_rtmem_outer.o ABSOLUTE
    ../clib/signal.c                         0x00000000   Number         0  defsig_rtmem_formal.o ABSOLUTE
    ../clib/signal.c                         0x00000000   Number         0  defsig_stak_inner.o ABSOLUTE
    ../clib/signal.c                         0x00000000   Number         0  defsig_pvfn_inner.o ABSOLUTE
    ../clib/signal.c                         0x00000000   Number         0  defsig_cppl_inner.o ABSOLUTE
    ../clib/signal.c                         0x00000000   Number         0  defsig_segv_inner.o ABSOLUTE
    ../clib/signal.c                         0x00000000   Number         0  defsig_other.o ABSOLUTE
    ../clib/signal.s                         0x00000000   Number         0  defsig.o ABSOLUTE
    ../clib/stdlib.c                         0x00000000   Number         0  exit.o ABSOLUTE
    ../fplib/fpinit.s                        0x00000000   Number         0  fpinit.o ABSOLUTE
    ../fplib/fpinit_empty.s                  0x00000000   Number         0  fpinit_empty.o ABSOLUTE
    AsciiLib.c                               0x00000000   Number         0  asciilib.o ABSOLUTE
    GLCD.c                                   0x00000000   Number         0  glcd.o ABSOLUTE
    HzLib.c                                  0x00000000   Number         0  hzlib.o ABSOLUTE
    IRQ_RIT.c                                0x00000000   Number         0  irq_rit.o ABSOLUTE
    IRQ_button.c                             0x00000000   Number         0  irq_button.o ABSOLUTE
    IRQ_timer.c                              0x00000000   Number         0  irq_timer.o ABSOLUTE
    Joystick.c                               0x00000000   Number         0  joystick.o ABSOLUTE
    RTE/Device/LPC1768/startup_LPC17xx.s     0x00000000   Number         0  startup_lpc17xx.o ABSOLUTE
    dc.s                                     0x00000000   Number         0  dc.o ABSOLUTE
    funct_led.c                              0x00000000   Number         0  funct_led.o ABSOLUTE
    lib_RIT.c                                0x00000000   Number         0  lib_rit.o ABSOLUTE
    lib_button.c                             0x00000000   Number         0  lib_button.o ABSOLUTE
    lib_led.c                                0x00000000   Number         0  lib_led.o ABSOLUTE
    lib_timer.c                              0x00000000   Number         0  lib_timer.o ABSOLUTE
    main.c                                   0x00000000   Number         0  main.o ABSOLUTE
    rand.c                                   0x00000000   Number         0  rand_1.o ABSOLUTE
    system_LPC17xx.c                         0x00000000   Number         0  system_lpc17xx.o ABSOLUTE
    RESET                                    0x00000000   Section      204  startup_lpc17xx.o(RESET)
    !!!main                                  0x000000cc   Section        8  __main.o(!!!main)
    !!!scatter                               0x000000d4   Section       92  __scatter.o(!!!scatter)
    !!dclz77c                                0x00000130   Section      100  __dclz77c.o(!!dclz77c)
    !!handler_null                           0x00000194   Section        2  __scatter.o(!!handler_null)
    !!handler_zi                             0x00000198   Section       28  __scatter_zi.o(!!handler_zi)
    .ARM.Collect$$_printf_percent$$00000000  0x000001b4   Section        0  _printf_percent.o(.ARM.Collect$$_printf_percent$$00000000)
    .ARM.Collect$$_printf_percent$$00000009  0x000001b4   Section        6  _printf_d.o(.ARM.Collect$$_printf_percent$$00000009)
    .ARM.Collect$$_printf_percent$$00000017  0x000001ba   Section        4  _printf_percent_end.o(.ARM.Collect$$_printf_percent$$00000017)
    .ARM.Collect$$libinit$$00000000          0x000001be   Section        2  libinit.o(.ARM.Collect$$libinit$$00000000)
    .ARM.Collect$$libinit$$00000002          0x000001c0   Section        0  libinit2.o(.ARM.Collect$$libinit$$00000002)
    .ARM.Collect$$libinit$$00000004          0x000001c0   Section        0  libinit2.o(.ARM.Collect$$libinit$$00000004)
    .ARM.Collect$$libinit$$00000006          0x000001c0   Section        0  libinit2.o(.ARM.Collect$$libinit$$00000006)
    .ARM.Collect$$libinit$$0000000C          0x000001c0   Section        0  libinit2.o(.ARM.Collect$$libinit$$0000000C)
    .ARM.Collect$$libinit$$0000000E          0x000001c0   Section        0  libinit2.o(.ARM.Collect$$libinit$$0000000E)
    .ARM.Collect$$libinit$$00000010          0x000001c0   Section        0  libinit2.o(.ARM.Collect$$libinit$$00000010)
    .ARM.Collect$$libinit$$00000013          0x000001c0   Section        0  libinit2.o(.ARM.Collect$$libinit$$00000013)
    .ARM.Collect$$libinit$$00000015          0x000001c0   Section        0  libinit2.o(.ARM.Collect$$libinit$$00000015)
    .ARM.Collect$$libinit$$00000017          0x000001c0   Section        0  libinit2.o(.ARM.Collect$$libinit$$00000017)
    .ARM.Collect$$libinit$$00000019          0x000001c0   Section        0  libinit2.o(.ARM.Collect$$libinit$$00000019)
    .ARM.Collect$$libinit$$0000001B          0x000001c0   Section        0  libinit2.o(.ARM.Collect$$libinit$$0000001B)
    .ARM.Collect$$libinit$$0000001D          0x000001c0   Section        0  libinit2.o(.ARM.Collect$$libinit$$0000001D)
    .ARM.Collect$$libinit$$0000001F          0x000001c0   Section        0  libinit2.o(.ARM.Collect$$libinit$$0000001F)
    .ARM.Collect$$libinit$$00000021          0x000001c0   Section        0  libinit2.o(.ARM.Collect$$libinit$$00000021)
    .ARM.Collect$$libinit$$00000023          0x000001c0   Section        0  libinit2.o(.ARM.Collect$$libinit$$00000023)
    .ARM.Collect$$libinit$$00000025          0x000001c0   Section        0  libinit2.o(.ARM.Collect$$libinit$$00000025)
    .ARM.Collect$$libinit$$00000027          0x000001c0   Section        0  libinit2.o(.ARM.Collect$$libinit$$00000027)
    .ARM.Collect$$libinit$$0000002E          0x000001c0   Section        0  libinit2.o(.ARM.Collect$$libinit$$0000002E)
    .ARM.Collect$$libinit$$00000030          0x000001c0   Section        0  libinit2.o(.ARM.Collect$$libinit$$00000030)
    .ARM.Collect$$libinit$$00000032          0x000001c0   Section        0  libinit2.o(.ARM.Collect$$libinit$$00000032)
    .ARM.Collect$$libinit$$00000034          0x000001c0   Section        0  libinit2.o(.ARM.Collect$$libinit$$00000034)
    .ARM.Collect$$libinit$$00000035          0x000001c0   Section        2  libinit2.o(.ARM.Collect$$libinit$$00000035)
    .ARM.Collect$$libshutdown$$00000000      0x000001c2   Section        2  libshutdown.o(.ARM.Collect$$libshutdown$$00000000)
    .ARM.Collect$$libshutdown$$00000002      0x000001c4   Section        0  libshutdown2.o(.ARM.Collect$$libshutdown$$00000002)
    .ARM.Collect$$libshutdown$$00000004      0x000001c4   Section        0  libshutdown2.o(.ARM.Collect$$libshutdown$$00000004)
    .ARM.Collect$$libshutdown$$00000007      0x000001c4   Section        0  libshutdown2.o(.ARM.Collect$$libshutdown$$00000007)
    .ARM.Collect$$libshutdown$$0000000A      0x000001c4   Section        0  libshutdown2.o(.ARM.Collect$$libshutdown$$0000000A)
    .ARM.Collect$$libshutdown$$0000000C      0x000001c4   Section        0  libshutdown2.o(.ARM.Collect$$libshutdown$$0000000C)
    .ARM.Collect$$libshutdown$$0000000F      0x000001c4   Section        0  libshutdown2.o(.ARM.Collect$$libshutdown$$0000000F)
    .ARM.Collect$$libshutdown$$00000010      0x000001c4   Section        2  libshutdown2.o(.ARM.Collect$$libshutdown$$00000010)
    .ARM.Collect$$rtentry$$00000000          0x000001c6   Section        0  __rtentry.o(.ARM.Collect$$rtentry$$00000000)
    .ARM.Collect$$rtentry$$00000002          0x000001c6   Section        0  __rtentry2.o(.ARM.Collect$$rtentry$$00000002)
    .ARM.Collect$$rtentry$$00000004          0x000001c6   Section        6  __rtentry4.o(.ARM.Collect$$rtentry$$00000004)
    .ARM.Collect$$rtentry$$00000009          0x000001cc   Section        0  __rtentry2.o(.ARM.Collect$$rtentry$$00000009)
    .ARM.Collect$$rtentry$$0000000A          0x000001cc   Section        4  __rtentry2.o(.ARM.Collect$$rtentry$$0000000A)
    .ARM.Collect$$rtentry$$0000000C          0x000001d0   Section        0  __rtentry2.o(.ARM.Collect$$rtentry$$0000000C)
    .ARM.Collect$$rtentry$$0000000D          0x000001d0   Section        8  __rtentry2.o(.ARM.Collect$$rtentry$$0000000D)
    .ARM.Collect$$rtexit$$00000000           0x000001d8   Section        2  rtexit.o(.ARM.Collect$$rtexit$$00000000)
    .ARM.Collect$$rtexit$$00000002           0x000001da   Section        0  rtexit2.o(.ARM.Collect$$rtexit$$00000002)
    .ARM.Collect$$rtexit$$00000003           0x000001da   Section        4  rtexit2.o(.ARM.Collect$$rtexit$$00000003)
    .ARM.Collect$$rtexit$$00000004           0x000001de   Section        6  rtexit2.o(.ARM.Collect$$rtexit$$00000004)
    .text                                    0x000001e4   Section       52  startup_lpc17xx.o(.text)
    .text                                    0x00000218   Section        0  noretval__2sprintf.o(.text)
    .text                                    0x00000240   Section        0  _printf_pad.o(.text)
    .text                                    0x0000028e   Section        0  heapauxi.o(.text)
    _printf_input_char                       0x00000295   Thumb Code    10  _printf_char_common.o(.text)
    .text                                    0x00000294   Section        0  _printf_char_common.o(.text)
    .text                                    0x000002c4   Section        0  _sputc.o(.text)
    .text                                    0x000002ce   Section        0  exit.o(.text)
    .text                                    0x000002e0   Section        8  libspace.o(.text)
    .text                                    0x000002e8   Section        0  sys_exit.o(.text)
    .text                                    0x000002f4   Section        2  use_no_semi.o(.text)
    .text                                    0x000002f6   Section        0  indicate_semi.o(.text)
    .ARM.__at_0x02FC                         0x000002fc   Section        4  startup_lpc17xx.o(.ARM.__at_0x02FC)
    .text                                    0x00000300   Section        0  _printf_dec.o(.text)
    .text                                    0x00000378   Section        0  __printf_flags_wp.o(.text)
    .text                                    0x000004b0   Section      122  rt_memmove_w.o(.text)
    .text                                    0x0000052a   Section        0  _printf_intcommon.o(.text)
    .text                                    0x000005dc   Section      100  rt_memcpy_w.o(.text)
    .text                                    0x00000640   Section       74  sys_stackheap_outer.o(.text)
    [Anonymous Symbol]                       0x0000068c   Section        0  lib_button.o(.text.BUTTON_init)
    [Anonymous Symbol]                       0x000006f4   Section        0  irq_button.o(.text.EINT0_IRQHandler)
    [Anonymous Symbol]                       0x00000708   Section        0  irq_button.o(.text.EINT1_IRQHandler)
    [Anonymous Symbol]                       0x0000071c   Section        0  irq_button.o(.text.EINT2_IRQHandler)
    [Anonymous Symbol]                       0x00000730   Section        0  glcd.o(.text.GUI_Text)
    [Anonymous Symbol]                       0x000007cc   Section        0  asciilib.o(.text.GetASCIICode)
    [Anonymous Symbol]                       0x000007f8   Section        0  glcd.o(.text.LCD_Clear)
    [Anonymous Symbol]                       0x0000091c   Section        0  glcd.o(.text.LCD_Initialization)
    [Anonymous Symbol]                       0x00001a90   Section        0  glcd.o(.text.LCD_SetPoint)
    [Anonymous Symbol]                       0x00001bd4   Section        0  glcd.o(.text.PutChar)
    [Anonymous Symbol]                       0x00001c3c   Section        0  irq_rit.o(.text.RIT_IRQHandler)
    [Anonymous Symbol]                       0x00001c98   Section        0  main.o(.text.SnakeM)
    [Anonymous Symbol]                       0x00002300   Section        0  system_lpc17xx.o(.text.SystemInit)
    [Anonymous Symbol]                       0x000023cc   Section        0  irq_timer.o(.text.TIMER0_IRQHandler)
    [Anonymous Symbol]                       0x000023dc   Section        0  lib_rit.o(.text.disable_RIT)
    [Anonymous Symbol]                       0x000023ec   Section        0  lib_timer.o(.text.disable_timer)
    [Anonymous Symbol]                       0x0000240c   Section        0  lib_rit.o(.text.enable_RIT)
    [Anonymous Symbol]                       0x0000241c   Section        0  lib_timer.o(.text.enable_timer)
    [Anonymous Symbol]                       0x0000243c   Section        0  lib_rit.o(.text.init_RIT)
    [Anonymous Symbol]                       0x00002490   Section        0  main.o(.text.init_drawing)
    [Anonymous Symbol]                       0x00002570   Section        0  lib_timer.o(.text.init_timer)
    [Anonymous Symbol]                       0x000025c4   Section        0  joystick.o(.text.joystick_init)
    [Anonymous Symbol]                       0x000025e8   Section        0  main.o(.text.main)
    [Anonymous Symbol]                       0x00002688   Section        0  rand_1.o(.text.rand_in_range)
    [Anonymous Symbol]                       0x000026e0   Section        0  glcd.o(.text.update_display)
    i._is_digit                              0x0000275e   Section        0  __printf_wp.o(i._is_digit)
    maptable                                 0x0000276c   Data          17  __printf_flags_wp.o(.constdata)
    .constdata                               0x0000276c   Section       17  __printf_flags_wp.o(.constdata)
    AsciiLib                                 0x0000277d   Data        1520  asciilib.o(.rodata.AsciiLib)
    [Anonymous Symbol]                       0x0000277d   Section        0  asciilib.o(.rodata.AsciiLib)
    .L.str.2                                 0x00002d6d   Data          13  main.o(.rodata.str1.1)
    [Anonymous Symbol]                       0x00002d6d   Section        0  main.o(.rodata.str1.1)
    .L.str.1                                 0x00002d7a   Data           5  main.o(.rodata.str1.1)
    .bss                                     0x10000208   Section       96  libspace.o(.bss)
    random.seed                              0x10000278   Data           4  rand_1.o(.bss.random.seed)
    [Anonymous Symbol]                       0x10000278   Section        0  rand_1.o(.bss.random.seed)
    Heap_Mem                                 0x10000410   Data           0  startup_lpc17xx.o(HEAP)
    Stack_Mem                                0x10000410   Data         512  startup_lpc17xx.o(STACK)
    HEAP                                     0x10000410   Section        0  startup_lpc17xx.o(HEAP)
    STACK                                    0x10000410   Section      512  startup_lpc17xx.o(STACK)
    __initial_sp                             0x10000610   Data           0  startup_lpc17xx.o(STACK)

    Global Symbols

    Symbol Name                              Value     Ov Type        Size  Object(Section)

    BuildAttributes$$THM_ISAv4$P$D$K$B$S$PE$A:L22UL41UL21$X:L11$S22US41US21$IEEE1$IW$~IW$USESV6$~STKCKD$USESV7$~SHL$OTIME$ROPI$EBA8$UX$STANDARDLIB$REQ8$PRES8$EABIv2 0x00000000   Number         0  anon$$obj.o ABSOLUTE
    __Vectors                                0x00000000   Data           4  startup_lpc17xx.o(RESET)
    __fp_init_empty                          0x00000000   Number         0  fpinit_empty.o ABSOLUTE
    _printf_flags                            0x00000000   Number         0  printf_stubs.o ABSOLUTE
    _printf_return_value                     0x00000000   Number         0  printf_stubs.o ABSOLUTE
    _printf_sizespec                         0x00000000   Number         0  printf_stubs.o ABSOLUTE
    _printf_widthprec                        0x00000000   Number         0  printf_stubs.o ABSOLUTE
    __ARM_exceptions_init                     - Undefined Weak Reference
    __alloca_initialize                       - Undefined Weak Reference
    __arm_preinit_                            - Undefined Weak Reference
    __arm_relocate_pie_                       - Undefined Weak Reference
    __cpp_initialize__aeabi_                  - Undefined Weak Reference
    __cxa_finalize                            - Undefined Weak Reference
    __rt_locale                               - Undefined Weak Reference
    __sigvec_lookup                           - Undefined Weak Reference
    _atexit_init                              - Undefined Weak Reference
    _call_atexit_fns                          - Undefined Weak Reference
    _clock_init                               - Undefined Weak Reference
    _fp_trap_init                             - Undefined Weak Reference
    _fp_trap_shutdown                         - Undefined Weak Reference
    _get_lc_collate                           - Undefined Weak Reference
    _get_lc_ctype                             - Undefined Weak Reference
    _get_lc_monetary                          - Undefined Weak Reference
    _get_lc_numeric                           - Undefined Weak Reference
    _get_lc_time                              - Undefined Weak Reference
    _getenv_init                              - Undefined Weak Reference
    _handle_redirection                       - Undefined Weak Reference
    _init_alloc                               - Undefined Weak Reference
    _init_user_alloc                          - Undefined Weak Reference
    _initio                                   - Undefined Weak Reference
    _printf_truncate_signed                   - Undefined Weak Reference
    _printf_truncate_unsigned                 - Undefined Weak Reference
    _rand_init                                - Undefined Weak Reference
    _signal_finish                            - Undefined Weak Reference
    _signal_init                              - Undefined Weak Reference
    _terminate_alloc                          - Undefined Weak Reference
    _terminate_user_alloc                     - Undefined Weak Reference
    _terminateio                              - Undefined Weak Reference
    __main                                   0x000000cd   Thumb Code     8  __main.o(!!!main)
    __scatterload                            0x000000d5   Thumb Code     0  __scatter.o(!!!scatter)
    __scatterload_rt2                        0x000000d5   Thumb Code    84  __scatter.o(!!!scatter)
    __scatterload_rt2_thumb_only             0x000000d5   Thumb Code     0  __scatter.o(!!!scatter)
    __scatterload_loop                       0x000000df   Thumb Code     0  __scatter.o(!!!scatter)
    __decompress                             0x00000131   Thumb Code   100  __dclz77c.o(!!dclz77c)
    __decompress2                            0x00000131   Thumb Code     0  __dclz77c.o(!!dclz77c)
    __scatterload_null                       0x00000195   Thumb Code     2  __scatter.o(!!handler_null)
    __scatterload_zeroinit                   0x00000199   Thumb Code    28  __scatter_zi.o(!!handler_zi)
    _printf_d                                0x000001b5   Thumb Code     0  _printf_d.o(.ARM.Collect$$_printf_percent$$00000009)
    _printf_percent                          0x000001b5   Thumb Code     0  _printf_percent.o(.ARM.Collect$$_printf_percent$$00000000)
    _printf_percent_end                      0x000001bb   Thumb Code     0  _printf_percent_end.o(.ARM.Collect$$_printf_percent$$00000017)
    __rt_lib_init                            0x000001bf   Thumb Code     0  libinit.o(.ARM.Collect$$libinit$$00000000)
    __rt_lib_init_alloca_1                   0x000001c1   Thumb Code     0  libinit2.o(.ARM.Collect$$libinit$$00000030)
    __rt_lib_init_argv_1                     0x000001c1   Thumb Code     0  libinit2.o(.ARM.Collect$$libinit$$0000002E)
    __rt_lib_init_atexit_1                   0x000001c1   Thumb Code     0  libinit2.o(.ARM.Collect$$libinit$$0000001D)
    __rt_lib_init_clock_1                    0x000001c1   Thumb Code     0  libinit2.o(.ARM.Collect$$libinit$$00000023)
    __rt_lib_init_cpp_1                      0x000001c1   Thumb Code     0  libinit2.o(.ARM.Collect$$libinit$$00000034)
    __rt_lib_init_exceptions_1               0x000001c1   Thumb Code     0  libinit2.o(.ARM.Collect$$libinit$$00000032)
    __rt_lib_init_fp_1                       0x000001c1   Thumb Code     0  libinit2.o(.ARM.Collect$$libinit$$00000002)
    __rt_lib_init_fp_trap_1                  0x000001c1   Thumb Code     0  libinit2.o(.ARM.Collect$$libinit$$00000021)
    __rt_lib_init_getenv_1                   0x000001c1   Thumb Code     0  libinit2.o(.ARM.Collect$$libinit$$00000025)
    __rt_lib_init_heap_1                     0x000001c1   Thumb Code     0  libinit2.o(.ARM.Collect$$libinit$$0000000C)
    __rt_lib_init_lc_collate_1               0x000001c1   Thumb Code     0  libinit2.o(.ARM.Collect$$libinit$$00000013)
    __rt_lib_init_lc_ctype_1                 0x000001c1   Thumb Code     0  libinit2.o(.ARM.Collect$$libinit$$00000015)
    __rt_lib_init_lc_monetary_1              0x000001c1   Thumb Code     0  libinit2.o(.ARM.Collect$$libinit$$00000017)
    __rt_lib_init_lc_numeric_1               0x000001c1   Thumb Code     0  libinit2.o(.ARM.Collect$$libinit$$00000019)
    __rt_lib_init_lc_time_1                  0x000001c1   Thumb Code     0  libinit2.o(.ARM.Collect$$libinit$$0000001B)
    __rt_lib_init_preinit_1                  0x000001c1   Thumb Code     0  libinit2.o(.ARM.Collect$$libinit$$00000006)
    __rt_lib_init_rand_1                     0x000001c1   Thumb Code     0  libinit2.o(.ARM.Collect$$libinit$$00000010)
    __rt_lib_init_relocate_pie_1             0x000001c1   Thumb Code     0  libinit2.o(.ARM.Collect$$libinit$$00000004)
    __rt_lib_init_return                     0x000001c1   Thumb Code     0  libinit2.o(.ARM.Collect$$libinit$$00000035)
    __rt_lib_init_signal_1                   0x000001c1   Thumb Code     0  libinit2.o(.ARM.Collect$$libinit$$0000001F)
    __rt_lib_init_stdio_1                    0x000001c1   Thumb Code     0  libinit2.o(.ARM.Collect$$libinit$$00000027)
    __rt_lib_init_user_alloc_1               0x000001c1   Thumb Code     0  libinit2.o(.ARM.Collect$$libinit$$0000000E)
    __rt_lib_shutdown                        0x000001c3   Thumb Code     0  libshutdown.o(.ARM.Collect$$libshutdown$$00000000)
    __rt_lib_shutdown_cpp_1                  0x000001c5   Thumb Code     0  libshutdown2.o(.ARM.Collect$$libshutdown$$00000002)
    __rt_lib_shutdown_fp_trap_1              0x000001c5   Thumb Code     0  libshutdown2.o(.ARM.Collect$$libshutdown$$00000007)
    __rt_lib_shutdown_heap_1                 0x000001c5   Thumb Code     0  libshutdown2.o(.ARM.Collect$$libshutdown$$0000000F)
    __rt_lib_shutdown_return                 0x000001c5   Thumb Code     0  libshutdown2.o(.ARM.Collect$$libshutdown$$00000010)
    __rt_lib_shutdown_signal_1               0x000001c5   Thumb Code     0  libshutdown2.o(.ARM.Collect$$libshutdown$$0000000A)
    __rt_lib_shutdown_stdio_1                0x000001c5   Thumb Code     0  libshutdown2.o(.ARM.Collect$$libshutdown$$00000004)
    __rt_lib_shutdown_user_alloc_1           0x000001c5   Thumb Code     0  libshutdown2.o(.ARM.Collect$$libshutdown$$0000000C)
    __rt_entry                               0x000001c7   Thumb Code     0  __rtentry.o(.ARM.Collect$$rtentry$$00000000)
    __rt_entry_presh_1                       0x000001c7   Thumb Code     0  __rtentry2.o(.ARM.Collect$$rtentry$$00000002)
    __rt_entry_sh                            0x000001c7   Thumb Code     0  __rtentry4.o(.ARM.Collect$$rtentry$$00000004)
    __rt_entry_li                            0x000001cd   Thumb Code     0  __rtentry2.o(.ARM.Collect$$rtentry$$0000000A)
    __rt_entry_postsh_1                      0x000001cd   Thumb Code     0  __rtentry2.o(.ARM.Collect$$rtentry$$00000009)
    __rt_entry_main                          0x000001d1   Thumb Code     0  __rtentry2.o(.ARM.Collect$$rtentry$$0000000D)
    __rt_entry_postli_1                      0x000001d1   Thumb Code     0  __rtentry2.o(.ARM.Collect$$rtentry$$0000000C)
    __rt_exit                                0x000001d9   Thumb Code     0  rtexit.o(.ARM.Collect$$rtexit$$00000000)
    __rt_exit_ls                             0x000001db   Thumb Code     0  rtexit2.o(.ARM.Collect$$rtexit$$00000003)
    __rt_exit_prels_1                        0x000001db   Thumb Code     0  rtexit2.o(.ARM.Collect$$rtexit$$00000002)
    __rt_exit_exit                           0x000001df   Thumb Code     0  rtexit2.o(.ARM.Collect$$rtexit$$00000004)
    Reset_Handler                            0x000001e5   Thumb Code     4  startup_lpc17xx.o(.text)
    NMI_Handler                              0x000001e9   Thumb Code     2  startup_lpc17xx.o(.text)
    HardFault_Handler                        0x000001eb   Thumb Code     2  startup_lpc17xx.o(.text)
    MemManage_Handler                        0x000001ed   Thumb Code     2  startup_lpc17xx.o(.text)
    BusFault_Handler                         0x000001ef   Thumb Code     2  startup_lpc17xx.o(.text)
    UsageFault_Handler                       0x000001f1   Thumb Code     2  startup_lpc17xx.o(.text)
    SVC_Handler                              0x000001f3   Thumb Code     2  startup_lpc17xx.o(.text)
    DebugMon_Handler                         0x000001f5   Thumb Code     2  startup_lpc17xx.o(.text)
    PendSV_Handler                           0x000001f7   Thumb Code     2  startup_lpc17xx.o(.text)
    SysTick_Handler                          0x000001f9   Thumb Code     2  startup_lpc17xx.o(.text)
    ADC_IRQHandler                           0x000001fb   Thumb Code     0  startup_lpc17xx.o(.text)
    BOD_IRQHandler                           0x000001fb   Thumb Code     0  startup_lpc17xx.o(.text)
    CANActivity_IRQHandler                   0x000001fb   Thumb Code     0  startup_lpc17xx.o(.text)
    CAN_IRQHandler                           0x000001fb   Thumb Code     0  startup_lpc17xx.o(.text)
    DMA_IRQHandler                           0x000001fb   Thumb Code     0  startup_lpc17xx.o(.text)
    EINT3_IRQHandler                         0x000001fb   Thumb Code     0  startup_lpc17xx.o(.text)
    ENET_IRQHandler                          0x000001fb   Thumb Code     0  startup_lpc17xx.o(.text)
    I2C0_IRQHandler                          0x000001fb   Thumb Code     0  startup_lpc17xx.o(.text)
    I2C1_IRQHandler                          0x000001fb   Thumb Code     0  startup_lpc17xx.o(.text)
    I2C2_IRQHandler                          0x000001fb   Thumb Code     0  startup_lpc17xx.o(.text)
    I2S_IRQHandler                           0x000001fb   Thumb Code     0  startup_lpc17xx.o(.text)
    MCPWM_IRQHandler                         0x000001fb   Thumb Code     0  startup_lpc17xx.o(.text)
    PLL0_IRQHandler                          0x000001fb   Thumb Code     0  startup_lpc17xx.o(.text)
    PLL1_IRQHandler                          0x000001fb   Thumb Code     0  startup_lpc17xx.o(.text)
    PWM1_IRQHandler                          0x000001fb   Thumb Code     0  startup_lpc17xx.o(.text)
    QEI_IRQHandler                           0x000001fb   Thumb Code     0  startup_lpc17xx.o(.text)
    RTC_IRQHandler                           0x000001fb   Thumb Code     0  startup_lpc17xx.o(.text)
    SPI_IRQHandler                           0x000001fb   Thumb Code     0  startup_lpc17xx.o(.text)
    SSP0_IRQHandler                          0x000001fb   Thumb Code     0  startup_lpc17xx.o(.text)
    SSP1_IRQHandler                          0x000001fb   Thumb Code     0  startup_lpc17xx.o(.text)
    TIMER1_IRQHandler                        0x000001fb   Thumb Code     0  startup_lpc17xx.o(.text)
    TIMER2_IRQHandler                        0x000001fb   Thumb Code     0  startup_lpc17xx.o(.text)
    TIMER3_IRQHandler                        0x000001fb   Thumb Code     0  startup_lpc17xx.o(.text)
    UART0_IRQHandler                         0x000001fb   Thumb Code     0  startup_lpc17xx.o(.text)
    UART1_IRQHandler                         0x000001fb   Thumb Code     0  startup_lpc17xx.o(.text)
    UART2_IRQHandler                         0x000001fb   Thumb Code     0  startup_lpc17xx.o(.text)
    UART3_IRQHandler                         0x000001fb   Thumb Code     0  startup_lpc17xx.o(.text)
    USBActivity_IRQHandler                   0x000001fb   Thumb Code     0  startup_lpc17xx.o(.text)
    USB_IRQHandler                           0x000001fb   Thumb Code     0  startup_lpc17xx.o(.text)
    WDT_IRQHandler                           0x000001fb   Thumb Code     0  startup_lpc17xx.o(.text)
    __user_initial_stackheap                 0x000001fd   Thumb Code     0  startup_lpc17xx.o(.text)
    __2sprintf                               0x00000219   Thumb Code    34  noretval__2sprintf.o(.text)
    _printf_pre_padding                      0x00000241   Thumb Code    44  _printf_pad.o(.text)
    _printf_post_padding                     0x0000026d   Thumb Code    34  _printf_pad.o(.text)
    __use_two_region_memory                  0x0000028f   Thumb Code     2  heapauxi.o(.text)
    __rt_heap_escrow$2region                 0x00000291   Thumb Code     2  heapauxi.o(.text)
    __rt_heap_expand$2region                 0x00000293   Thumb Code     2  heapauxi.o(.text)
    _printf_char_common                      0x0000029f   Thumb Code    32  _printf_char_common.o(.text)
    _sputc                                   0x000002c5   Thumb Code    10  _sputc.o(.text)
    exit                                     0x000002cf   Thumb Code    18  exit.o(.text)
    __user_libspace                          0x000002e1   Thumb Code     8  libspace.o(.text)
    __user_perproc_libspace                  0x000002e1   Thumb Code     0  libspace.o(.text)
    __user_perthread_libspace                0x000002e1   Thumb Code     0  libspace.o(.text)
    _sys_exit                                0x000002e9   Thumb Code     8  sys_exit.o(.text)
    __I$use$semihosting                      0x000002f5   Thumb Code     0  use_no_semi.o(.text)
    __use_no_semihosting_swi                 0x000002f5   Thumb Code     2  use_no_semi.o(.text)
    __semihosting_library_function           0x000002f7   Thumb Code     0  indicate_semi.o(.text)
    _printf_int_dec                          0x00000301   Thumb Code   104  _printf_dec.o(.text)
    __printf                                 0x00000379   Thumb Code   308  __printf_flags_wp.o(.text)
    __aeabi_memmove4                         0x000004b1   Thumb Code     0  rt_memmove_w.o(.text)
    __aeabi_memmove8                         0x000004b1   Thumb Code     0  rt_memmove_w.o(.text)
    __rt_memmove_w                           0x000004b1   Thumb Code   122  rt_memmove_w.o(.text)
    __memmove_aligned                        0x000004d7   Thumb Code     0  rt_memmove_w.o(.text)
    __memmove_lastfew_aligned                0x0000050f   Thumb Code     0  rt_memmove_w.o(.text)
    _printf_int_common                       0x0000052b   Thumb Code   178  _printf_intcommon.o(.text)
    __aeabi_memcpy4                          0x000005dd   Thumb Code     0  rt_memcpy_w.o(.text)
    __aeabi_memcpy8                          0x000005dd   Thumb Code     0  rt_memcpy_w.o(.text)
    __rt_memcpy_w                            0x000005dd   Thumb Code   100  rt_memcpy_w.o(.text)
    _memcpy_lastbytes_aligned                0x00000625   Thumb Code     0  rt_memcpy_w.o(.text)
    __user_setup_stackheap                   0x00000641   Thumb Code    74  sys_stackheap_outer.o(.text)
    BUTTON_init                              0x0000068d   Thumb Code   104  lib_button.o(.text.BUTTON_init)
    EINT0_IRQHandler                         0x000006f5   Thumb Code    18  irq_button.o(.text.EINT0_IRQHandler)
    EINT1_IRQHandler                         0x00000709   Thumb Code    18  irq_button.o(.text.EINT1_IRQHandler)
    EINT2_IRQHandler                         0x0000071d   Thumb Code    18  irq_button.o(.text.EINT2_IRQHandler)
    GUI_Text                                 0x00000731   Thumb Code   156  glcd.o(.text.GUI_Text)
    GetASCIICode                             0x000007cd   Thumb Code    42  asciilib.o(.text.GetASCIICode)
    LCD_Clear                                0x000007f9   Thumb Code   292  glcd.o(.text.LCD_Clear)
    LCD_Initialization                       0x0000091d   Thumb Code  4466  glcd.o(.text.LCD_Initialization)
    LCD_SetPoint                             0x00001a91   Thumb Code   322  glcd.o(.text.LCD_SetPoint)
    PutChar                                  0x00001bd5   Thumb Code   102  glcd.o(.text.PutChar)
    RIT_IRQHandler                           0x00001c3d   Thumb Code    90  irq_rit.o(.text.RIT_IRQHandler)
    SnakeM                                   0x00001c99   Thumb Code  1638  main.o(.text.SnakeM)
    SystemInit                               0x00002301   Thumb Code   204  system_lpc17xx.o(.text.SystemInit)
    TIMER0_IRQHandler                        0x000023cd   Thumb Code    14  irq_timer.o(.text.TIMER0_IRQHandler)
    disable_RIT                              0x000023dd   Thumb Code    16  lib_rit.o(.text.disable_RIT)
    disable_timer                            0x000023ed   Thumb Code    32  lib_timer.o(.text.disable_timer)
    enable_RIT                               0x0000240d   Thumb Code    16  lib_rit.o(.text.enable_RIT)
    enable_timer                             0x0000241d   Thumb Code    32  lib_timer.o(.text.enable_timer)
    init_RIT                                 0x0000243d   Thumb Code    82  lib_rit.o(.text.init_RIT)
    init_drawing                             0x00002491   Thumb Code   216  main.o(.text.init_drawing)
    init_timer                               0x00002571   Thumb Code    84  lib_timer.o(.text.init_timer)
    joystick_init                            0x000025c5   Thumb Code    34  joystick.o(.text.joystick_init)
    main                                     0x000025e9   Thumb Code   160  main.o(.text.main)
    rand_in_range                            0x00002689   Thumb Code    86  rand_1.o(.text.rand_in_range)
    update_display                           0x000026e1   Thumb Code   126  glcd.o(.text.update_display)
    _is_digit                                0x0000275f   Thumb Code    14  __printf_wp.o(i._is_digit)
    Region$$Table$$Base                      0x00002d80   Number         0  anon$$obj.o(Region$$Table)
    Region$$Table$$Limit                     0x00002da0   Number         0  anon$$obj.o(Region$$Table)
    SnakeMap                                 0x10000000   Data         510  main.o(.data.SnakeMap)
    Snake_dir                                0x100001fe   Data           1  main.o(.data.Snake_dir)
    flag                                     0x100001ff   Data           1  main.o(.data.flag)
    snake_length                             0x10000200   Data           4  main.o(.data.snake_length)
    __libspace_start                         0x10000208   Data          96  libspace.o(.bss)
    Pdir                                     0x10000268   Data           1  main.o(.bss.Pdir)
    __temporary_stack_top$libspace           0x10000268   Data           0  libspace.o(.bss)
    SnakeP                                   0x1000026c   Data           4  main.o(.bss.SnakeP)
    grow                                     0x10000270   Data           1  main.o(.bss.grow)
    index                                    0x10000274   Data           4  main.o(.bss.index)
    snake_body                               0x1000027c   Data         400  main.o(.bss.snake_body)



==============================================================================

Memory Map of the image

  Image Entry point : 0x000001e5

  Load Region LR_1 (Base: 0x00000000, Size: 0x00002fa4, Max: 0xffffffff, ABSOLUTE, COMPRESSED[0x00002dc4])

    Execution Region ER_RO (Exec base: 0x00000000, Load base: 0x00000000, Size: 0x00002da0, Max: 0xffffffff, ABSOLUTE)

    Exec Addr    Load Addr    Size         Type   Attr      Idx    E Section Name        Object

    0x00000000   0x00000000   0x000000cc   Data   RO          200    RESET               startup_lpc17xx.o
    0x000000cc   0x000000cc   0x00000008   Code   RO          264  * !!!main             c_w.l(__main.o)
    0x000000d4   0x000000d4   0x0000005c   Code   RO          452    !!!scatter          c_w.l(__scatter.o)
    0x00000130   0x00000130   0x00000064   Code   RO          450    !!dclz77c           c_w.l(__dclz77c.o)
    0x00000194   0x00000194   0x00000002   Code   RO          453    !!handler_null      c_w.l(__scatter.o)
    0x00000196   0x00000196   0x00000002   PAD
    0x00000198   0x00000198   0x0000001c   Code   RO          456    !!handler_zi        c_w.l(__scatter_zi.o)
    0x000001b4   0x000001b4   0x00000000   Code   RO          257    .ARM.Collect$$_printf_percent$$00000000  c_w.l(_printf_percent.o)
    0x000001b4   0x000001b4   0x00000006   Code   RO          256    .ARM.Collect$$_printf_percent$$00000009  c_w.l(_printf_d.o)
    0x000001ba   0x000001ba   0x00000004   Code   RO          277    .ARM.Collect$$_printf_percent$$00000017  c_w.l(_printf_percent_end.o)
    0x000001be   0x000001be   0x00000002   Code   RO          312    .ARM.Collect$$libinit$$00000000  c_w.l(libinit.o)
    0x000001c0   0x000001c0   0x00000000   Code   RO          325    .ARM.Collect$$libinit$$00000002  c_w.l(libinit2.o)
    0x000001c0   0x000001c0   0x00000000   Code   RO          327    .ARM.Collect$$libinit$$00000004  c_w.l(libinit2.o)
    0x000001c0   0x000001c0   0x00000000   Code   RO          329    .ARM.Collect$$libinit$$00000006  c_w.l(libinit2.o)
    0x000001c0   0x000001c0   0x00000000   Code   RO          332    .ARM.Collect$$libinit$$0000000C  c_w.l(libinit2.o)
    0x000001c0   0x000001c0   0x00000000   Code   RO          334    .ARM.Collect$$libinit$$0000000E  c_w.l(libinit2.o)
    0x000001c0   0x000001c0   0x00000000   Code   RO          336    .ARM.Collect$$libinit$$00000010  c_w.l(libinit2.o)
    0x000001c0   0x000001c0   0x00000000   Code   RO          339    .ARM.Collect$$libinit$$00000013  c_w.l(libinit2.o)
    0x000001c0   0x000001c0   0x00000000   Code   RO          341    .ARM.Collect$$libinit$$00000015  c_w.l(libinit2.o)
    0x000001c0   0x000001c0   0x00000000   Code   RO          343    .ARM.Collect$$libinit$$00000017  c_w.l(libinit2.o)
    0x000001c0   0x000001c0   0x00000000   Code   RO          345    .ARM.Collect$$libinit$$00000019  c_w.l(libinit2.o)
    0x000001c0   0x000001c0   0x00000000   Code   RO          347    .ARM.Collect$$libinit$$0000001B  c_w.l(libinit2.o)
    0x000001c0   0x000001c0   0x00000000   Code   RO          349    .ARM.Collect$$libinit$$0000001D  c_w.l(libinit2.o)
    0x000001c0   0x000001c0   0x00000000   Code   RO          351    .ARM.Collect$$libinit$$0000001F  c_w.l(libinit2.o)
    0x000001c0   0x000001c0   0x00000000   Code   RO          353    .ARM.Collect$$libinit$$00000021  c_w.l(libinit2.o)
    0x000001c0   0x000001c0   0x00000000   Code   RO          355    .ARM.Collect$$libinit$$00000023  c_w.l(libinit2.o)
    0x000001c0   0x000001c0   0x00000000   Code   RO          357    .ARM.Collect$$libinit$$00000025  c_w.l(libinit2.o)
    0x000001c0   0x000001c0   0x00000000   Code   RO          359    .ARM.Collect$$libinit$$00000027  c_w.l(libinit2.o)
    0x000001c0   0x000001c0   0x00000000   Code   RO          363    .ARM.Collect$$libinit$$0000002E  c_w.l(libinit2.o)
    0x000001c0   0x000001c0   0x00000000   Code   RO          365    .ARM.Collect$$libinit$$00000030  c_w.l(libinit2.o)
    0x000001c0   0x000001c0   0x00000000   Code   RO          367    .ARM.Collect$$libinit$$00000032  c_w.l(libinit2.o)
    0x000001c0   0x000001c0   0x00000000   Code   RO          369    .ARM.Collect$$libinit$$00000034  c_w.l(libinit2.o)
    0x000001c0   0x000001c0   0x00000002   Code   RO          370    .ARM.Collect$$libinit$$00000035  c_w.l(libinit2.o)
    0x000001c2   0x000001c2   0x00000002   Code   RO          405    .ARM.Collect$$libshutdown$$00000000  c_w.l(libshutdown.o)
    0x000001c4   0x000001c4   0x00000000   Code   RO          433    .ARM.Collect$$libshutdown$$00000002  c_w.l(libshutdown2.o)
    0x000001c4   0x000001c4   0x00000000   Code   RO          435    .ARM.Collect$$libshutdown$$00000004  c_w.l(libshutdown2.o)
    0x000001c4   0x000001c4   0x00000000   Code   RO          438    .ARM.Collect$$libshutdown$$00000007  c_w.l(libshutdown2.o)
    0x000001c4   0x000001c4   0x00000000   Code   RO          441    .ARM.Collect$$libshutdown$$0000000A  c_w.l(libshutdown2.o)
    0x000001c4   0x000001c4   0x00000000   Code   RO          443    .ARM.Collect$$libshutdown$$0000000C  c_w.l(libshutdown2.o)
    0x000001c4   0x000001c4   0x00000000   Code   RO          446    .ARM.Collect$$libshutdown$$0000000F  c_w.l(libshutdown2.o)
    0x000001c4   0x000001c4   0x00000002   Code   RO          447    .ARM.Collect$$libshutdown$$00000010  c_w.l(libshutdown2.o)
    0x000001c6   0x000001c6   0x00000000   Code   RO          266    .ARM.Collect$$rtentry$$00000000  c_w.l(__rtentry.o)
    0x000001c6   0x000001c6   0x00000000   Code   RO          281    .ARM.Collect$$rtentry$$00000002  c_w.l(__rtentry2.o)
    0x000001c6   0x000001c6   0x00000006   Code   RO          293    .ARM.Collect$$rtentry$$00000004  c_w.l(__rtentry4.o)
    0x000001cc   0x000001cc   0x00000000   Code   RO          283    .ARM.Collect$$rtentry$$00000009  c_w.l(__rtentry2.o)
    0x000001cc   0x000001cc   0x00000004   Code   RO          284    .ARM.Collect$$rtentry$$0000000A  c_w.l(__rtentry2.o)
    0x000001d0   0x000001d0   0x00000000   Code   RO          286    .ARM.Collect$$rtentry$$0000000C  c_w.l(__rtentry2.o)
    0x000001d0   0x000001d0   0x00000008   Code   RO          287    .ARM.Collect$$rtentry$$0000000D  c_w.l(__rtentry2.o)
    0x000001d8   0x000001d8   0x00000002   Code   RO          316    .ARM.Collect$$rtexit$$00000000  c_w.l(rtexit.o)
    0x000001da   0x000001da   0x00000000   Code   RO          376    .ARM.Collect$$rtexit$$00000002  c_w.l(rtexit2.o)
    0x000001da   0x000001da   0x00000004   Code   RO          377    .ARM.Collect$$rtexit$$00000003  c_w.l(rtexit2.o)
    0x000001de   0x000001de   0x00000006   Code   RO          378    .ARM.Collect$$rtexit$$00000004  c_w.l(rtexit2.o)
    0x000001e4   0x000001e4   0x00000034   Code   RO          202  * .text               startup_lpc17xx.o
    0x00000218   0x00000218   0x00000028   Code   RO          228    .text               c_w.l(noretval__2sprintf.o)
    0x00000240   0x00000240   0x0000004e   Code   RO          232    .text               c_w.l(_printf_pad.o)
    0x0000028e   0x0000028e   0x00000006   Code   RO          262    .text               c_w.l(heapauxi.o)
    0x00000294   0x00000294   0x00000030   Code   RO          273    .text               c_w.l(_printf_char_common.o)
    0x000002c4   0x000002c4   0x0000000a   Code   RO          275    .text               c_w.l(_sputc.o)
    0x000002ce   0x000002ce   0x00000012   Code   RO          301    .text               c_w.l(exit.o)
    0x000002e0   0x000002e0   0x00000008   Code   RO          313    .text               c_w.l(libspace.o)
    0x000002e8   0x000002e8   0x0000000c   Code   RO          371    .text               c_w.l(sys_exit.o)
    0x000002f4   0x000002f4   0x00000002   Code   RO          394    .text               c_w.l(use_no_semi.o)
    0x000002f6   0x000002f6   0x00000000   Code   RO          396    .text               c_w.l(indicate_semi.o)
    0x000002f6   0x000002f6   0x00000006   PAD
    0x000002fc   0x000002fc   0x00000004   Code   RO          201    .ARM.__at_0x02FC    startup_lpc17xx.o
    0x00000300   0x00000300   0x00000078   Code   RO          234    .text               c_w.l(_printf_dec.o)
    0x00000378   0x00000378   0x00000138   Code   RO          248    .text               c_w.l(__printf_flags_wp.o)
    0x000004b0   0x000004b0   0x0000007a   Code   RO          260    .text               c_w.l(rt_memmove_w.o)
    0x0000052a   0x0000052a   0x000000b2   Code   RO          271    .text               c_w.l(_printf_intcommon.o)
    0x000005dc   0x000005dc   0x00000064   Code   RO          278    .text               c_w.l(rt_memcpy_w.o)
    0x00000640   0x00000640   0x0000004a   Code   RO          299    .text               c_w.l(sys_stackheap_outer.o)
    0x0000068a   0x0000068a   0x00000002   PAD
    0x0000068c   0x0000068c   0x00000068   Code   RO           96    .text.BUTTON_init   lib_button.o
    0x000006f4   0x000006f4   0x00000012   Code   RO          104    .text.EINT0_IRQHandler  irq_button.o
    0x00000706   0x00000706   0x00000002   PAD
    0x00000708   0x00000708   0x00000012   Code   RO          106    .text.EINT1_IRQHandler  irq_button.o
    0x0000071a   0x0000071a   0x00000002   PAD
    0x0000071c   0x0000071c   0x00000012   Code   RO          108    .text.EINT2_IRQHandler  irq_button.o
    0x0000072e   0x0000072e   0x00000002   PAD
    0x00000730   0x00000730   0x0000009c   Code   RO           74    .text.GUI_Text      glcd.o
    0x000007cc   0x000007cc   0x0000002a   Code   RO           52    .text.GetASCIICode  asciilib.o
    0x000007f6   0x000007f6   0x00000002   PAD
    0x000007f8   0x000007f8   0x00000124   Code   RO           64    .text.LCD_Clear     glcd.o
    0x0000091c   0x0000091c   0x00001172   Code   RO           62    .text.LCD_Initialization  glcd.o
    0x00001a8e   0x00001a8e   0x00000002   PAD
    0x00001a90   0x00001a90   0x00000142   Code   RO           68    .text.LCD_SetPoint  glcd.o
    0x00001bd2   0x00001bd2   0x00000002   PAD
    0x00001bd4   0x00001bd4   0x00000066   Code   RO           72    .text.PutChar       glcd.o
    0x00001c3a   0x00001c3a   0x00000002   PAD
    0x00001c3c   0x00001c3c   0x0000005a   Code   RO          144    .text.RIT_IRQHandler  irq_rit.o
    0x00001c96   0x00001c96   0x00000002   PAD
    0x00001c98   0x00001c98   0x00000666   Code   RO            6    .text.SnakeM        main.o
    0x000022fe   0x000022fe   0x00000002   PAD
    0x00002300   0x00002300   0x000000cc   Code   RO          213    .text.SystemInit    system_lpc17xx.o
    0x000023cc   0x000023cc   0x0000000e   Code   RO          169    .text.TIMER0_IRQHandler  irq_timer.o
    0x000023da   0x000023da   0x00000002   PAD
    0x000023dc   0x000023dc   0x00000010   Code   RO          155    .text.disable_RIT   lib_rit.o
    0x000023ec   0x000023ec   0x00000020   Code   RO          185    .text.disable_timer  lib_timer.o
    0x0000240c   0x0000240c   0x00000010   Code   RO          153    .text.enable_RIT    lib_rit.o
    0x0000241c   0x0000241c   0x00000020   Code   RO          183    .text.enable_timer  lib_timer.o
    0x0000243c   0x0000243c   0x00000052   Code   RO          159    .text.init_RIT      lib_rit.o
    0x0000248e   0x0000248e   0x00000002   PAD
    0x00002490   0x00002490   0x000000e0   Code   RO            4    .text.init_drawing  main.o
    0x00002570   0x00002570   0x00000054   Code   RO          189    .text.init_timer    lib_timer.o
    0x000025c4   0x000025c4   0x00000022   Code   RO           44    .text.joystick_init  joystick.o
    0x000025e6   0x000025e6   0x00000002   PAD
    0x000025e8   0x000025e8   0x000000a0   Code   RO            2    .text.main          main.o
    0x00002688   0x00002688   0x00000056   Code   RO           33    .text.rand_in_range  rand_1.o
    0x000026de   0x000026de   0x00000002   PAD
    0x000026e0   0x000026e0   0x0000007e   Code   RO           76    .text.update_display  glcd.o
    0x0000275e   0x0000275e   0x0000000e   Code   RO          246    i._is_digit         c_w.l(__printf_wp.o)
    0x0000276c   0x0000276c   0x00000011   Data   RO          249    .constdata          c_w.l(__printf_flags_wp.o)
    0x0000277d   0x0000277d   0x000005f0   Data   RO           54    .rodata.AsciiLib    asciilib.o
    0x00002d6d   0x00002d6d   0x00000012   Data   RO           19    .rodata.str1.1      main.o
    0x00002d7f   0x00002d7f   0x00000001   PAD
    0x00002d80   0x00002d80   0x00000020   Data   RO          449    Region$$Table       anon$$obj.o


    Execution Region ER_RW (Exec base: 0x10000000, Load base: 0x00002da0, Size: 0x00000204, Max: 0xffffffff, ABSOLUTE, COMPRESSED[0x00000024])

    Exec Addr    Load Addr    Size         Type   Attr      Idx    E Section Name        Object

    0x10000000   COMPRESSED   0x000001fe   Data   RW           13    .data.SnakeMap      main.o
    0x100001fe   COMPRESSED   0x00000001   Data   RW           12    .data.Snake_dir     main.o
    0x100001ff   COMPRESSED   0x00000001   Data   RW           17    .data.flag          main.o
    0x10000200   COMPRESSED   0x00000004   Data   RW           15    .data.snake_length  main.o


    Execution Region ER_ZI (Exec base: 0x10000208, Load base: 0x00002dc4, Size: 0x00000408, Max: 0xffffffff, ABSOLUTE)

    Exec Addr    Load Addr    Size         Type   Attr      Idx    E Section Name        Object

    0x10000208        -       0x00000060   Zero   RW          314    .bss                c_w.l(libspace.o)
    0x10000268        -       0x00000001   Zero   RW           20    .bss.Pdir           main.o
    0x10000269   0x00002dc4   0x00000003   PAD
    0x1000026c        -       0x00000004   Zero   RW           14    .bss.SnakeP         main.o
    0x10000270        -       0x00000001   Zero   RW           16    .bss.grow           main.o
    0x10000271   0x00002dc4   0x00000003   PAD
    0x10000274        -       0x00000004   Zero   RW           21    .bss.index          main.o
    0x10000278        -       0x00000004   Zero   RW           35    .bss.random.seed    rand_1.o
    0x1000027c        -       0x00000190   Zero   RW           18    .bss.snake_body     main.o
    0x1000040c   0x00002dc4   0x00000004   PAD
    0x10000410        -       0x00000000   Zero   RW          199    HEAP                startup_lpc17xx.o
    0x10000410        -       0x00000200   Zero   RW          198    STACK               startup_lpc17xx.o


==============================================================================

Image component sizes


      Code (inc. data)   RO Data    RW Data    ZI Data      Debug   Object Name

        42          0       1520          0          0        602   asciilib.o
      5464          0          0          0          0      19032   glcd.o
        54          0          0          0          0       1736   irq_button.o
        90          0          0          0          0       2112   irq_rit.o
        14          0          0          0          0       1436   irq_timer.o
        34          0          0          0          0       2423   joystick.o
       104          0          0          0          0       4892   lib_button.o
       114          0          0          0          0       4254   lib_rit.o
       148          0          0          0          0       4027   lib_timer.o
      2022         50         18        516        410       5081   main.o
        86          0          0          0          4       1404   rand_1.o
        56         22        204          0        512        964   startup_lpc17xx.o
       204          0          0          0          0       2115   system_lpc17xx.o

    ----------------------------------------------------------------------
      8458         72       1775        516        936      50078   Object Totals
         0          0         32          0          0          0   (incl. Generated)
        26          0          1          0         10          0   (incl. Padding)

    ----------------------------------------------------------------------

      Code (inc. data)   RO Data    RW Data    ZI Data      Debug   Library Member Name

       100          0          0          0          0          0   __dclz77c.o
         8          0          0          0          0         68   __main.o
       312          4         17          0          0         92   __printf_flags_wp.o
        14          0          0          0          0         68   __printf_wp.o
         0          0          0          0          0          0   __rtentry.o
        12          0          0          0          0          0   __rtentry2.o
         6          0          0          0          0          0   __rtentry4.o
        94          8          0          0          0          0   __scatter.o
        28          0          0          0          0          0   __scatter_zi.o
        48          6          0          0          0         96   _printf_char_common.o
         6          0          0          0          0          0   _printf_d.o
       120         16          0          0          0         92   _printf_dec.o
       178          0          0          0          0         88   _printf_intcommon.o
        78          0          0          0          0        108   _printf_pad.o
         0          0          0          0          0          0   _printf_percent.o
         4          0          0          0          0          0   _printf_percent_end.o
        10          0          0          0          0         68   _sputc.o
        18          0          0          0          0         80   exit.o
         6          0          0          0          0        152   heapauxi.o
         0          0          0          0          0          0   indicate_semi.o
         2          0          0          0          0          0   libinit.o
         2          0          0          0          0          0   libinit2.o
         2          0          0          0          0          0   libshutdown.o
         2          0          0          0          0          0   libshutdown2.o
         8          4          0          0         96         68   libspace.o
        40          6          0          0          0         84   noretval__2sprintf.o
       100          0          0          0          0         80   rt_memcpy_w.o
       122          0          0          0          0         80   rt_memmove_w.o
         2          0          0          0          0          0   rtexit.o
        10          0          0          0          0          0   rtexit2.o
        12          4          0          0          0         68   sys_exit.o
        74          0          0          0          0         80   sys_stackheap_outer.o
         2          0          0          0          0         68   use_no_semi.o

    ----------------------------------------------------------------------
      1430         48         17          0         96       1440   Library Totals
        10          0          0          0          0          0   (incl. Padding)

    ----------------------------------------------------------------------

      Code (inc. data)   RO Data    RW Data    ZI Data      Debug   Library Name

      1420         48         17          0         96       1440   c_w.l

    ----------------------------------------------------------------------
      1430         48         17          0         96       1440   Library Totals

    ----------------------------------------------------------------------

==============================================================================


      Code (inc. data)   RO Data    RW Data    ZI Data      Debug   

      9888        120       1792        516       1032      50738   Grand Totals
      9888        120       1792         36       1032      50738   ELF Image Totals (compressed)
      9888        120       1792         36          0          0   ROM Totals

==============================================================================

    Total RO  Size (Code + RO Data)                11680 (  11.41kB)
    Total RW  Size (RW Data + ZI Data)              1548 (   1.51kB)
    Total ROM Size (Code + RO Data + RW Data)      11716 (  11.44kB)

==============================================================================

